2025-10-26T07:56:05.126+07:00  INFO 66345 --- [SpringRestAPIHasDTODemo] [restartedMain] i.f.s.SpringRestApiHasDtoDemoApplication : Starting SpringRestApiHasDtoDemoApplication using Java 17.0.13 with PID 66345 (/Users/thoaha/Documents/Lecture/HK1_2025_2026/LTPT_Java/Demo/Chapter6/SpringRestAPIHasDTODemo/target/classes started by thoaha in /Users/thoaha/Documents/Lecture/HK1_2025_2026/LTPT_Java/Demo/Chapter6/SpringRestAPIHasDTODemo)
2025-10-26T07:56:05.127+07:00  INFO 66345 --- [SpringRestAPIHasDTODemo] [restartedMain] i.f.s.SpringRestApiHasDtoDemoApplication : No active profile set, falling back to 1 default profile: "default"
2025-10-26T07:56:05.143+07:00  INFO 66345 --- [SpringRestAPIHasDTODemo] [restartedMain] .e.DevToolsPropertyDefaultsPostProcessor : Devtools property defaults active! Set 'spring.devtools.add-properties' to 'false' to disable
2025-10-26T07:56:05.143+07:00  INFO 66345 --- [SpringRestAPIHasDTODemo] [restartedMain] .e.DevToolsPropertyDefaultsPostProcessor : For additional web related logging consider setting the 'logging.level.web' property to 'DEBUG'
2025-10-26T07:56:05.489+07:00  INFO 66345 --- [SpringRestAPIHasDTODemo] [restartedMain] .s.d.r.c.RepositoryConfigurationDelegate : Bootstrapping Spring Data JPA repositories in DEFAULT mode.
2025-10-26T07:56:05.508+07:00  INFO 66345 --- [SpringRestAPIHasDTODemo] [restartedMain] .s.d.r.c.RepositoryConfigurationDelegate : Finished Spring Data repository scanning in 15 ms. Found 2 JPA repository interfaces.
2025-10-26T07:56:05.692+07:00  INFO 66345 --- [SpringRestAPIHasDTODemo] [restartedMain] o.s.b.w.embedded.tomcat.TomcatWebServer  : Tomcat initialized with port 8081 (http)
2025-10-26T07:56:05.699+07:00  INFO 66345 --- [SpringRestAPIHasDTODemo] [restartedMain] o.apache.catalina.core.StandardService   : Starting service [Tomcat]
2025-10-26T07:56:05.699+07:00  INFO 66345 --- [SpringRestAPIHasDTODemo] [restartedMain] o.apache.catalina.core.StandardEngine    : Starting Servlet engine: [Apache Tomcat/10.1.46]
2025-10-26T07:56:05.717+07:00  INFO 66345 --- [SpringRestAPIHasDTODemo] [restartedMain] o.a.c.c.C.[Tomcat].[localhost].[/api]    : Initializing Spring embedded WebApplicationContext
2025-10-26T07:56:05.717+07:00  INFO 66345 --- [SpringRestAPIHasDTODemo] [restartedMain] w.s.c.ServletWebServerApplicationContext : Root WebApplicationContext: initialization completed in 574 ms
2025-10-26T07:56:05.931+07:00  INFO 66345 --- [SpringRestAPIHasDTODemo] [restartedMain] o.s.o.j.p.SpringPersistenceUnitInfo      : No LoadTimeWeaver setup: ignoring JPA class transformer
2025-10-26T07:56:05.944+07:00  INFO 66345 --- [SpringRestAPIHasDTODemo] [restartedMain] com.zaxxer.hikari.HikariDataSource       : HikariPool-1 - Starting...
2025-10-26T07:56:05.985+07:00  INFO 66345 --- [SpringRestAPIHasDTODemo] [restartedMain] com.zaxxer.hikari.pool.HikariPool        : HikariPool-1 - Added connection org.mariadb.jdbc.Connection@2858bd59
2025-10-26T07:56:05.986+07:00  INFO 66345 --- [SpringRestAPIHasDTODemo] [restartedMain] com.zaxxer.hikari.HikariDataSource       : HikariPool-1 - Start completed.
2025-10-26T07:56:06.324+07:00  INFO 66345 --- [SpringRestAPIHasDTODemo] [restartedMain] j.LocalContainerEntityManagerFactoryBean : Initialized JPA EntityManagerFactory for persistence unit 'default'
2025-10-26T07:56:06.416+07:00  INFO 66345 --- [SpringRestAPIHasDTODemo] [restartedMain] o.s.d.j.r.query.QueryEnhancerFactory     : Hibernate is in classpath; If applicable, HQL parser will be used.
2025-10-26T07:56:06.654+07:00  WARN 66345 --- [SpringRestAPIHasDTODemo] [restartedMain] JpaBaseConfiguration$JpaWebConfiguration : spring.jpa.open-in-view is enabled by default. Therefore, database queries may be performed during view rendering. Explicitly configure spring.jpa.open-in-view to disable this warning
2025-10-26T07:56:06.691+07:00 DEBUG 66345 --- [SpringRestAPIHasDTODemo] [restartedMain] s.w.s.m.m.a.RequestMappingHandlerMapping : 12 mappings in 'requestMappingHandlerMapping'
2025-10-26T07:56:06.721+07:00 DEBUG 66345 --- [SpringRestAPIHasDTODemo] [restartedMain] o.s.w.s.handler.SimpleUrlHandlerMapping  : Patterns [/webjars/**, /**, /swagger-ui*/*swagger-initializer.js, /swagger-ui*/**] in 'resourceHandlerMapping'
2025-10-26T07:56:06.731+07:00 DEBUG 66345 --- [SpringRestAPIHasDTODemo] [restartedMain] s.w.s.m.m.a.RequestMappingHandlerAdapter : ControllerAdvice beans: 0 @ModelAttribute, 0 @InitBinder, 1 RequestBodyAdvice, 1 ResponseBodyAdvice
2025-10-26T07:56:06.749+07:00 DEBUG 66345 --- [SpringRestAPIHasDTODemo] [restartedMain] .m.m.a.ExceptionHandlerExceptionResolver : ControllerAdvice beans: 2 @ExceptionHandler, 1 ResponseBodyAdvice
2025-10-26T07:56:06.802+07:00  WARN 66345 --- [SpringRestAPIHasDTODemo] [restartedMain] o.s.b.d.a.OptionalLiveReloadServer       : Unable to start LiveReload server
2025-10-26T07:56:06.817+07:00  INFO 66345 --- [SpringRestAPIHasDTODemo] [restartedMain] o.s.b.w.embedded.tomcat.TomcatWebServer  : Tomcat started on port 8081 (http) with context path '/api'
2025-10-26T07:56:06.823+07:00  INFO 66345 --- [SpringRestAPIHasDTODemo] [restartedMain] i.f.s.SpringRestApiHasDtoDemoApplication : Started SpringRestApiHasDtoDemoApplication in 1.884 seconds (process running for 2.366)
2025-10-26T07:58:21.110+07:00  INFO 66345 --- [SpringRestAPIHasDTODemo] [http-nio-8081-exec-1] o.a.c.c.C.[Tomcat].[localhost].[/api]    : Initializing Spring DispatcherServlet 'dispatcherServlet'
2025-10-26T07:58:21.111+07:00  INFO 66345 --- [SpringRestAPIHasDTODemo] [http-nio-8081-exec-1] o.s.web.servlet.DispatcherServlet        : Initializing Servlet 'dispatcherServlet'
2025-10-26T07:58:21.111+07:00 DEBUG 66345 --- [SpringRestAPIHasDTODemo] [http-nio-8081-exec-1] o.s.web.servlet.DispatcherServlet        : Detected StandardServletMultipartResolver
2025-10-26T07:58:21.111+07:00 DEBUG 66345 --- [SpringRestAPIHasDTODemo] [http-nio-8081-exec-1] o.s.web.servlet.DispatcherServlet        : Detected AcceptHeaderLocaleResolver
2025-10-26T07:58:21.111+07:00 DEBUG 66345 --- [SpringRestAPIHasDTODemo] [http-nio-8081-exec-1] o.s.web.servlet.DispatcherServlet        : Detected FixedThemeResolver
2025-10-26T07:58:21.113+07:00 DEBUG 66345 --- [SpringRestAPIHasDTODemo] [http-nio-8081-exec-1] o.s.web.servlet.DispatcherServlet        : Detected org.springframework.web.servlet.view.DefaultRequestToViewNameTranslator@6e65fee7
2025-10-26T07:58:21.114+07:00 DEBUG 66345 --- [SpringRestAPIHasDTODemo] [http-nio-8081-exec-1] o.s.web.servlet.DispatcherServlet        : Detected org.springframework.web.servlet.support.SessionFlashMapManager@3627dd3f
2025-10-26T07:58:21.114+07:00 DEBUG 66345 --- [SpringRestAPIHasDTODemo] [http-nio-8081-exec-1] o.s.web.servlet.DispatcherServlet        : enableLoggingRequestDetails='false': request parameters and headers will be masked to prevent unsafe logging of potentially sensitive data
2025-10-26T07:58:21.114+07:00  INFO 66345 --- [SpringRestAPIHasDTODemo] [http-nio-8081-exec-1] o.s.web.servlet.DispatcherServlet        : Completed initialization in 3 ms
2025-10-26T07:58:21.117+07:00 DEBUG 66345 --- [SpringRestAPIHasDTODemo] [http-nio-8081-exec-1] o.s.web.servlet.DispatcherServlet        : GET "/api/employees", parameters={}
2025-10-26T07:58:21.122+07:00 DEBUG 66345 --- [SpringRestAPIHasDTODemo] [http-nio-8081-exec-1] s.w.s.m.m.a.RequestMappingHandlerMapping : Mapped to iuh.fit.se.controllers.EmployeeController#getEmployees(String)
2025-10-26T07:58:21.227+07:00 DEBUG 66345 --- [SpringRestAPIHasDTODemo] [http-nio-8081-exec-1] o.s.w.s.m.m.a.HttpEntityMethodProcessor  : Using 'application/json', given [application/json] and supported [application/json, application/*+json, application/yaml]
2025-10-26T07:58:21.227+07:00 DEBUG 66345 --- [SpringRestAPIHasDTODemo] [http-nio-8081-exec-1] o.s.w.s.m.m.a.HttpEntityMethodProcessor  : Writing [{status=200, data=[iuh.fit.se.dtos.EmployeeDTO@6a54b686, iuh.fit.se.dtos.EmployeeDTO@2782dc81, iuh.f (truncated)...]
2025-10-26T07:58:21.246+07:00 DEBUG 66345 --- [SpringRestAPIHasDTODemo] [http-nio-8081-exec-1] o.s.web.servlet.DispatcherServlet        : Completed 200 OK
2025-10-26T07:58:33.658+07:00 DEBUG 66345 --- [SpringRestAPIHasDTODemo] [http-nio-8081-exec-4] o.s.web.servlet.DispatcherServlet        : GET "/api/swagger-ui/swagger-initializer.js", parameters={}
2025-10-26T07:58:33.658+07:00 DEBUG 66345 --- [SpringRestAPIHasDTODemo] [http-nio-8081-exec-3] o.s.web.servlet.DispatcherServlet        : GET "/api/swagger-ui/swagger-ui.css", parameters={}
2025-10-26T07:58:33.675+07:00 DEBUG 66345 --- [SpringRestAPIHasDTODemo] [http-nio-8081-exec-3] o.s.w.s.handler.SimpleUrlHandlerMapping  : Mapped to ResourceHttpRequestHandler [classpath [META-INF/resources/webjars/]]
2025-10-26T07:58:33.675+07:00 DEBUG 66345 --- [SpringRestAPIHasDTODemo] [http-nio-8081-exec-4] o.s.w.s.handler.SimpleUrlHandlerMapping  : Mapped to ResourceHttpRequestHandler [classpath [META-INF/resources/webjars/]]
2025-10-26T07:58:33.694+07:00 DEBUG 66345 --- [SpringRestAPIHasDTODemo] [http-nio-8081-exec-3] o.s.web.servlet.DispatcherServlet        : Completed 200 OK
2025-10-26T07:58:33.698+07:00 DEBUG 66345 --- [SpringRestAPIHasDTODemo] [http-nio-8081-exec-4] o.s.web.servlet.DispatcherServlet        : Completed 200 OK
2025-10-26T07:58:33.808+07:00 DEBUG 66345 --- [SpringRestAPIHasDTODemo] [http-nio-8081-exec-5] o.s.web.servlet.DispatcherServlet        : GET "/api/v3/api-docs/swagger-config", parameters={}
2025-10-26T07:58:33.808+07:00 DEBUG 66345 --- [SpringRestAPIHasDTODemo] [http-nio-8081-exec-5] s.w.s.m.m.a.RequestMappingHandlerMapping : Mapped to org.springdoc.webmvc.ui.SwaggerConfigResource#openapiJson(HttpServletRequest)
2025-10-26T07:58:33.817+07:00 DEBUG 66345 --- [SpringRestAPIHasDTODemo] [http-nio-8081-exec-5] m.m.a.RequestResponseBodyMethodProcessor : Using 'application/json', given [*/*] and supported [application/json]
2025-10-26T07:58:33.821+07:00 DEBUG 66345 --- [SpringRestAPIHasDTODemo] [http-nio-8081-exec-5] m.m.a.RequestResponseBodyMethodProcessor : Writing [{configUrl=/api/v3/api-docs/swagger-config, oauth2RedirectUrl=http://localhost:8081/api/swagger-ui/o (truncated)...]
2025-10-26T07:58:33.822+07:00 DEBUG 66345 --- [SpringRestAPIHasDTODemo] [http-nio-8081-exec-5] o.s.web.servlet.DispatcherServlet        : Completed 200 OK
2025-10-26T07:58:33.828+07:00 DEBUG 66345 --- [SpringRestAPIHasDTODemo] [http-nio-8081-exec-6] o.s.web.servlet.DispatcherServlet        : GET "/api/v3/api-docs", parameters={}
2025-10-26T07:58:33.829+07:00 DEBUG 66345 --- [SpringRestAPIHasDTODemo] [http-nio-8081-exec-6] s.w.s.m.m.a.RequestMappingHandlerMapping : Mapped to org.springdoc.webmvc.api.OpenApiWebMvcResource#openapiJson(HttpServletRequest, String, Locale)
2025-10-26T07:58:34.032+07:00  INFO 66345 --- [SpringRestAPIHasDTODemo] [http-nio-8081-exec-6] o.springdoc.api.AbstractOpenApiResource  : Init duration for springdoc-openapi is: 198 ms
2025-10-26T07:58:34.040+07:00 DEBUG 66345 --- [SpringRestAPIHasDTODemo] [http-nio-8081-exec-6] m.m.a.RequestResponseBodyMethodProcessor : Using 'application/json', given [application/json, */*] and supported [application/json]
2025-10-26T07:58:34.040+07:00 DEBUG 66345 --- [SpringRestAPIHasDTODemo] [http-nio-8081-exec-6] m.m.a.RequestResponseBodyMethodProcessor : Writing [{123, 34, 111, 112, 101, 110, 97, 112, 105, 34, 58, 34, 51, 46, 49, 46, 48, 34, 44, 34, 105, 110, 10 (truncated)...]
2025-10-26T07:58:34.041+07:00 DEBUG 66345 --- [SpringRestAPIHasDTODemo] [http-nio-8081-exec-6] o.s.web.servlet.DispatcherServlet        : Completed 200 OK
2025-10-26T07:58:45.158+07:00 DEBUG 66345 --- [SpringRestAPIHasDTODemo] [http-nio-8081-exec-7] o.s.web.servlet.DispatcherServlet        : GET "/api/employees/employeesHasPage?page=0&size=1&sort=id,asc", parameters={masked}
2025-10-26T07:58:45.159+07:00 DEBUG 66345 --- [SpringRestAPIHasDTODemo] [http-nio-8081-exec-7] s.w.s.m.m.a.RequestMappingHandlerMapping : Mapped to iuh.fit.se.controllers.EmployeeController#getEmployeeById(int)
2025-10-26T07:58:45.164+07:00 DEBUG 66345 --- [SpringRestAPIHasDTODemo] [http-nio-8081-exec-7] o.s.web.method.HandlerMethod             : Could not resolve parameter [0] in public org.springframework.http.ResponseEntity<java.util.Map<java.lang.String, java.lang.Object>> iuh.fit.se.controllers.EmployeeController.getEmployeeById(int): Method parameter 'id': Failed to convert value of type 'java.lang.String' to required type 'int'; For input string: "employeesHasPage"
2025-10-26T07:58:45.167+07:00 DEBUG 66345 --- [SpringRestAPIHasDTODemo] [http-nio-8081-exec-7] .m.m.a.ExceptionHandlerExceptionResolver : Using @ExceptionHandler iuh.fit.se.exceptions.GlobalExceptionHandler#handleException(Exception, WebRequest)
2025-10-26T07:58:45.171+07:00 DEBUG 66345 --- [SpringRestAPIHasDTODemo] [http-nio-8081-exec-7] o.s.w.s.m.m.a.HttpEntityMethodProcessor  : Using 'application/problem+json', given [application/json] and supported [application/problem+json]
2025-10-26T07:58:45.173+07:00 DEBUG 66345 --- [SpringRestAPIHasDTODemo] [http-nio-8081-exec-7] o.s.w.s.m.m.a.HttpEntityMethodProcessor  : Writing [ProblemDetail[type='about:blank', title='Bad Request', status=400, detail='Failed to convert 'id' wi (truncated)...]
2025-10-26T07:58:45.173+07:00  WARN 66345 --- [SpringRestAPIHasDTODemo] [http-nio-8081-exec-7] .m.m.a.ExceptionHandlerExceptionResolver : Resolved [org.springframework.web.method.annotation.MethodArgumentTypeMismatchException: Method parameter 'id': Failed to convert value of type 'java.lang.String' to required type 'int'; For input string: "employeesHasPage"]
2025-10-26T07:58:45.174+07:00 DEBUG 66345 --- [SpringRestAPIHasDTODemo] [http-nio-8081-exec-7] o.s.web.servlet.DispatcherServlet        : Completed 400 BAD_REQUEST
2025-10-26T08:00:09.973+07:00 DEBUG 66345 --- [SpringRestAPIHasDTODemo] [http-nio-8081-exec-10] o.s.web.servlet.DispatcherServlet        : GET "/api/employees/employeesHasPage?page=0&size=1&sort=id,asc", parameters={masked}
2025-10-26T08:00:09.975+07:00 DEBUG 66345 --- [SpringRestAPIHasDTODemo] [http-nio-8081-exec-10] s.w.s.m.m.a.RequestMappingHandlerMapping : Mapped to iuh.fit.se.controllers.EmployeeController#getEmployeeById(int)
2025-10-26T08:00:09.977+07:00 DEBUG 66345 --- [SpringRestAPIHasDTODemo] [http-nio-8081-exec-10] o.s.web.method.HandlerMethod             : Could not resolve parameter [0] in public org.springframework.http.ResponseEntity<java.util.Map<java.lang.String, java.lang.Object>> iuh.fit.se.controllers.EmployeeController.getEmployeeById(int): Method parameter 'id': Failed to convert value of type 'java.lang.String' to required type 'int'; For input string: "employeesHasPage"
2025-10-26T08:00:09.978+07:00 DEBUG 66345 --- [SpringRestAPIHasDTODemo] [http-nio-8081-exec-10] .m.m.a.ExceptionHandlerExceptionResolver : Using @ExceptionHandler iuh.fit.se.exceptions.GlobalExceptionHandler#handleException(Exception, WebRequest)
2025-10-26T08:00:09.979+07:00 DEBUG 66345 --- [SpringRestAPIHasDTODemo] [http-nio-8081-exec-10] o.s.w.s.m.m.a.HttpEntityMethodProcessor  : Using 'application/problem+json', given [application/json] and supported [application/problem+json]
2025-10-26T08:00:09.979+07:00 DEBUG 66345 --- [SpringRestAPIHasDTODemo] [http-nio-8081-exec-10] o.s.w.s.m.m.a.HttpEntityMethodProcessor  : Writing [ProblemDetail[type='about:blank', title='Bad Request', status=400, detail='Failed to convert 'id' wi (truncated)...]
2025-10-26T08:00:09.981+07:00  WARN 66345 --- [SpringRestAPIHasDTODemo] [http-nio-8081-exec-10] .m.m.a.ExceptionHandlerExceptionResolver : Resolved [org.springframework.web.method.annotation.MethodArgumentTypeMismatchException: Method parameter 'id': Failed to convert value of type 'java.lang.String' to required type 'int'; For input string: "employeesHasPage"]
2025-10-26T08:00:09.981+07:00 DEBUG 66345 --- [SpringRestAPIHasDTODemo] [http-nio-8081-exec-10] o.s.web.servlet.DispatcherServlet        : Completed 400 BAD_REQUEST
2025-10-26T08:00:43.046+07:00 DEBUG 66345 --- [SpringRestAPIHasDTODemo] [http-nio-8081-exec-1] o.s.web.servlet.DispatcherServlet        : GET "/api/employeesHasPage?page=0&size=20", parameters={masked}
2025-10-26T08:00:43.049+07:00 DEBUG 66345 --- [SpringRestAPIHasDTODemo] [http-nio-8081-exec-1] s.w.s.m.m.a.RequestMappingHandlerMapping : Mapped to iuh.fit.se.controllers.EmployeeController#getEmployees(Pageable)
2025-10-26T08:00:43.089+07:00  WARN 66345 --- [SpringRestAPIHasDTODemo] [http-nio-8081-exec-1] ration$PageModule$WarningLoggingModifier : Serializing PageImpl instances as-is is not supported, meaning that there is no guarantee about the stability of the resulting JSON structure!
	For a stable JSON structure, please use Spring Data's PagedModel (globally via @EnableSpringDataWebSupport(pageSerializationMode = VIA_DTO))
	or Spring HATEOAS and Spring Data's PagedResourcesAssembler as documented in https://docs.spring.io/spring-data/commons/reference/repositories/core-extensions.html#core.web.pageables.

2025-10-26T08:00:43.090+07:00 DEBUG 66345 --- [SpringRestAPIHasDTODemo] [http-nio-8081-exec-1] o.s.w.s.m.m.a.HttpEntityMethodProcessor  : Using 'application/json', given [*/*] and supported [application/json, application/*+json, application/yaml]
2025-10-26T08:00:43.091+07:00 DEBUG 66345 --- [SpringRestAPIHasDTODemo] [http-nio-8081-exec-1] o.s.w.s.m.m.a.HttpEntityMethodProcessor  : Writing [Page 1 of 1 containing iuh.fit.se.dtos.EmployeeDTO instances]
2025-10-26T08:00:43.095+07:00 DEBUG 66345 --- [SpringRestAPIHasDTODemo] [http-nio-8081-exec-1] o.s.web.servlet.DispatcherServlet        : Completed 200 OK
2025-10-26T08:02:04.921+07:00 DEBUG 66345 --- [SpringRestAPIHasDTODemo] [http-nio-8081-exec-3] o.s.web.servlet.DispatcherServlet        : GET "/api/employees/employeesHasPage?page=0&size=1&sort=id,asc", parameters={masked}
2025-10-26T08:02:04.924+07:00 DEBUG 66345 --- [SpringRestAPIHasDTODemo] [http-nio-8081-exec-3] s.w.s.m.m.a.RequestMappingHandlerMapping : Mapped to iuh.fit.se.controllers.EmployeeController#getEmployeeById(int)
2025-10-26T08:02:04.928+07:00 DEBUG 66345 --- [SpringRestAPIHasDTODemo] [http-nio-8081-exec-3] o.s.web.method.HandlerMethod             : Could not resolve parameter [0] in public org.springframework.http.ResponseEntity<java.util.Map<java.lang.String, java.lang.Object>> iuh.fit.se.controllers.EmployeeController.getEmployeeById(int): Method parameter 'id': Failed to convert value of type 'java.lang.String' to required type 'int'; For input string: "employeesHasPage"
2025-10-26T08:02:04.928+07:00 DEBUG 66345 --- [SpringRestAPIHasDTODemo] [http-nio-8081-exec-3] .m.m.a.ExceptionHandlerExceptionResolver : Using @ExceptionHandler iuh.fit.se.exceptions.GlobalExceptionHandler#handleException(Exception, WebRequest)
2025-10-26T08:02:04.929+07:00 DEBUG 66345 --- [SpringRestAPIHasDTODemo] [http-nio-8081-exec-3] o.s.w.s.m.m.a.HttpEntityMethodProcessor  : Using 'application/problem+json', given [application/json] and supported [application/problem+json]
2025-10-26T08:02:04.930+07:00 DEBUG 66345 --- [SpringRestAPIHasDTODemo] [http-nio-8081-exec-3] o.s.w.s.m.m.a.HttpEntityMethodProcessor  : Writing [ProblemDetail[type='about:blank', title='Bad Request', status=400, detail='Failed to convert 'id' wi (truncated)...]
2025-10-26T08:02:04.931+07:00  WARN 66345 --- [SpringRestAPIHasDTODemo] [http-nio-8081-exec-3] .m.m.a.ExceptionHandlerExceptionResolver : Resolved [org.springframework.web.method.annotation.MethodArgumentTypeMismatchException: Method parameter 'id': Failed to convert value of type 'java.lang.String' to required type 'int'; For input string: "employeesHasPage"]
2025-10-26T08:02:04.931+07:00 DEBUG 66345 --- [SpringRestAPIHasDTODemo] [http-nio-8081-exec-3] o.s.web.servlet.DispatcherServlet        : Completed 400 BAD_REQUEST
2025-10-26T08:02:50.571+07:00 DEBUG 66345 --- [SpringRestAPIHasDTODemo] [http-nio-8081-exec-4] o.s.web.servlet.DispatcherServlet        : GET "/api/employees/employeesHasPage?page=0&size=1&sort=id,asc", parameters={masked}
2025-10-26T08:02:50.577+07:00 DEBUG 66345 --- [SpringRestAPIHasDTODemo] [http-nio-8081-exec-4] s.w.s.m.m.a.RequestMappingHandlerMapping : Mapped to iuh.fit.se.controllers.EmployeeController#getEmployeeById(int)
2025-10-26T08:02:50.581+07:00 DEBUG 66345 --- [SpringRestAPIHasDTODemo] [http-nio-8081-exec-4] o.s.web.method.HandlerMethod             : Could not resolve parameter [0] in public org.springframework.http.ResponseEntity<java.util.Map<java.lang.String, java.lang.Object>> iuh.fit.se.controllers.EmployeeController.getEmployeeById(int): Method parameter 'id': Failed to convert value of type 'java.lang.String' to required type 'int'; For input string: "employeesHasPage"
2025-10-26T08:02:50.581+07:00 DEBUG 66345 --- [SpringRestAPIHasDTODemo] [http-nio-8081-exec-4] .m.m.a.ExceptionHandlerExceptionResolver : Using @ExceptionHandler iuh.fit.se.exceptions.GlobalExceptionHandler#handleException(Exception, WebRequest)
2025-10-26T08:02:50.582+07:00 DEBUG 66345 --- [SpringRestAPIHasDTODemo] [http-nio-8081-exec-4] o.s.w.s.m.m.a.HttpEntityMethodProcessor  : Using 'application/problem+json', given [application/json] and supported [application/problem+json]
2025-10-26T08:02:50.582+07:00 DEBUG 66345 --- [SpringRestAPIHasDTODemo] [http-nio-8081-exec-4] o.s.w.s.m.m.a.HttpEntityMethodProcessor  : Writing [ProblemDetail[type='about:blank', title='Bad Request', status=400, detail='Failed to convert 'id' wi (truncated)...]
2025-10-26T08:02:50.583+07:00  WARN 66345 --- [SpringRestAPIHasDTODemo] [http-nio-8081-exec-4] .m.m.a.ExceptionHandlerExceptionResolver : Resolved [org.springframework.web.method.annotation.MethodArgumentTypeMismatchException: Method parameter 'id': Failed to convert value of type 'java.lang.String' to required type 'int'; For input string: "employeesHasPage"]
2025-10-26T08:02:50.583+07:00 DEBUG 66345 --- [SpringRestAPIHasDTODemo] [http-nio-8081-exec-4] o.s.web.servlet.DispatcherServlet        : Completed 400 BAD_REQUEST
2025-10-26T08:03:15.731+07:00 DEBUG 66345 --- [SpringRestAPIHasDTODemo] [http-nio-8081-exec-5] o.s.web.servlet.DispatcherServlet        : GET "/api/employees/employeesHasPage?page=0&size=1&sort=id,asc", parameters={masked}
2025-10-26T08:03:15.734+07:00 DEBUG 66345 --- [SpringRestAPIHasDTODemo] [http-nio-8081-exec-5] s.w.s.m.m.a.RequestMappingHandlerMapping : Mapped to iuh.fit.se.controllers.EmployeeController#getEmployeeById(int)
2025-10-26T08:03:15.736+07:00 DEBUG 66345 --- [SpringRestAPIHasDTODemo] [http-nio-8081-exec-5] o.s.web.method.HandlerMethod             : Could not resolve parameter [0] in public org.springframework.http.ResponseEntity<java.util.Map<java.lang.String, java.lang.Object>> iuh.fit.se.controllers.EmployeeController.getEmployeeById(int): Method parameter 'id': Failed to convert value of type 'java.lang.String' to required type 'int'; For input string: "employeesHasPage"
2025-10-26T08:03:15.737+07:00 DEBUG 66345 --- [SpringRestAPIHasDTODemo] [http-nio-8081-exec-5] .m.m.a.ExceptionHandlerExceptionResolver : Using @ExceptionHandler iuh.fit.se.exceptions.GlobalExceptionHandler#handleException(Exception, WebRequest)
2025-10-26T08:03:15.737+07:00 DEBUG 66345 --- [SpringRestAPIHasDTODemo] [http-nio-8081-exec-5] o.s.w.s.m.m.a.HttpEntityMethodProcessor  : Using 'application/problem+json', given [application/json] and supported [application/problem+json]
2025-10-26T08:03:15.738+07:00 DEBUG 66345 --- [SpringRestAPIHasDTODemo] [http-nio-8081-exec-5] o.s.w.s.m.m.a.HttpEntityMethodProcessor  : Writing [ProblemDetail[type='about:blank', title='Bad Request', status=400, detail='Failed to convert 'id' wi (truncated)...]
2025-10-26T08:03:15.739+07:00  WARN 66345 --- [SpringRestAPIHasDTODemo] [http-nio-8081-exec-5] .m.m.a.ExceptionHandlerExceptionResolver : Resolved [org.springframework.web.method.annotation.MethodArgumentTypeMismatchException: Method parameter 'id': Failed to convert value of type 'java.lang.String' to required type 'int'; For input string: "employeesHasPage"]
2025-10-26T08:03:15.739+07:00 DEBUG 66345 --- [SpringRestAPIHasDTODemo] [http-nio-8081-exec-5] o.s.web.servlet.DispatcherServlet        : Completed 400 BAD_REQUEST
2025-10-26T08:03:42.462+07:00 DEBUG 66345 --- [SpringRestAPIHasDTODemo] [http-nio-8081-exec-6] o.s.web.servlet.DispatcherServlet        : GET "/api/employees/employeesHasPage?page=0&size=1&sort=id,asc", parameters={masked}
2025-10-26T08:03:42.464+07:00 DEBUG 66345 --- [SpringRestAPIHasDTODemo] [http-nio-8081-exec-6] s.w.s.m.m.a.RequestMappingHandlerMapping : Mapped to iuh.fit.se.controllers.EmployeeController#getEmployeeById(int)
2025-10-26T08:03:42.466+07:00 DEBUG 66345 --- [SpringRestAPIHasDTODemo] [http-nio-8081-exec-6] o.s.web.method.HandlerMethod             : Could not resolve parameter [0] in public org.springframework.http.ResponseEntity<java.util.Map<java.lang.String, java.lang.Object>> iuh.fit.se.controllers.EmployeeController.getEmployeeById(int): Method parameter 'id': Failed to convert value of type 'java.lang.String' to required type 'int'; For input string: "employeesHasPage"
2025-10-26T08:03:42.466+07:00 DEBUG 66345 --- [SpringRestAPIHasDTODemo] [http-nio-8081-exec-6] .m.m.a.ExceptionHandlerExceptionResolver : Using @ExceptionHandler iuh.fit.se.exceptions.GlobalExceptionHandler#handleException(Exception, WebRequest)
2025-10-26T08:03:42.467+07:00 DEBUG 66345 --- [SpringRestAPIHasDTODemo] [http-nio-8081-exec-6] o.s.w.s.m.m.a.HttpEntityMethodProcessor  : Using 'application/problem+json', given [application/json] and supported [application/problem+json]
2025-10-26T08:03:42.467+07:00 DEBUG 66345 --- [SpringRestAPIHasDTODemo] [http-nio-8081-exec-6] o.s.w.s.m.m.a.HttpEntityMethodProcessor  : Writing [ProblemDetail[type='about:blank', title='Bad Request', status=400, detail='Failed to convert 'id' wi (truncated)...]
2025-10-26T08:03:42.468+07:00  WARN 66345 --- [SpringRestAPIHasDTODemo] [http-nio-8081-exec-6] .m.m.a.ExceptionHandlerExceptionResolver : Resolved [org.springframework.web.method.annotation.MethodArgumentTypeMismatchException: Method parameter 'id': Failed to convert value of type 'java.lang.String' to required type 'int'; For input string: "employeesHasPage"]
2025-10-26T08:03:42.468+07:00 DEBUG 66345 --- [SpringRestAPIHasDTODemo] [http-nio-8081-exec-6] o.s.web.servlet.DispatcherServlet        : Completed 400 BAD_REQUEST
2025-10-26T08:04:00.859+07:00 DEBUG 66345 --- [SpringRestAPIHasDTODemo] [http-nio-8081-exec-7] o.s.web.servlet.DispatcherServlet        : GET "/api/employees/employeesHasPage?page=0&size=1&sort=id,asc", parameters={masked}
2025-10-26T08:04:00.862+07:00 DEBUG 66345 --- [SpringRestAPIHasDTODemo] [http-nio-8081-exec-7] s.w.s.m.m.a.RequestMappingHandlerMapping : Mapped to iuh.fit.se.controllers.EmployeeController#getEmployeeById(int)
2025-10-26T08:04:00.867+07:00 DEBUG 66345 --- [SpringRestAPIHasDTODemo] [http-nio-8081-exec-7] o.s.web.method.HandlerMethod             : Could not resolve parameter [0] in public org.springframework.http.ResponseEntity<java.util.Map<java.lang.String, java.lang.Object>> iuh.fit.se.controllers.EmployeeController.getEmployeeById(int): Method parameter 'id': Failed to convert value of type 'java.lang.String' to required type 'int'; For input string: "employeesHasPage"
2025-10-26T08:04:00.868+07:00 DEBUG 66345 --- [SpringRestAPIHasDTODemo] [http-nio-8081-exec-7] .m.m.a.ExceptionHandlerExceptionResolver : Using @ExceptionHandler iuh.fit.se.exceptions.GlobalExceptionHandler#handleException(Exception, WebRequest)
2025-10-26T08:04:00.869+07:00 DEBUG 66345 --- [SpringRestAPIHasDTODemo] [http-nio-8081-exec-7] o.s.w.s.m.m.a.HttpEntityMethodProcessor  : Using 'application/problem+json;q=0.8', given [text/html, application/xhtml+xml, application/xml;q=0.9, */*;q=0.8] and supported [application/problem+json]
2025-10-26T08:04:00.871+07:00 DEBUG 66345 --- [SpringRestAPIHasDTODemo] [http-nio-8081-exec-7] o.s.w.s.m.m.a.HttpEntityMethodProcessor  : Writing [ProblemDetail[type='about:blank', title='Bad Request', status=400, detail='Failed to convert 'id' wi (truncated)...]
2025-10-26T08:04:00.872+07:00  WARN 66345 --- [SpringRestAPIHasDTODemo] [http-nio-8081-exec-7] .m.m.a.ExceptionHandlerExceptionResolver : Resolved [org.springframework.web.method.annotation.MethodArgumentTypeMismatchException: Method parameter 'id': Failed to convert value of type 'java.lang.String' to required type 'int'; For input string: "employeesHasPage"]
2025-10-26T08:04:00.873+07:00 DEBUG 66345 --- [SpringRestAPIHasDTODemo] [http-nio-8081-exec-7] o.s.web.servlet.DispatcherServlet        : Completed 400 BAD_REQUEST
2025-10-26T08:04:22.058+07:00 DEBUG 66345 --- [SpringRestAPIHasDTODemo] [http-nio-8081-exec-8] o.s.web.servlet.DispatcherServlet        : GET "/api/employees/employeesHasPage?page=0&size=1&sort=id,asc", parameters={masked}
2025-10-26T08:04:22.059+07:00 DEBUG 66345 --- [SpringRestAPIHasDTODemo] [http-nio-8081-exec-8] s.w.s.m.m.a.RequestMappingHandlerMapping : Mapped to iuh.fit.se.controllers.EmployeeController#getEmployeeById(int)
2025-10-26T08:04:22.061+07:00 DEBUG 66345 --- [SpringRestAPIHasDTODemo] [http-nio-8081-exec-8] o.s.web.method.HandlerMethod             : Could not resolve parameter [0] in public org.springframework.http.ResponseEntity<java.util.Map<java.lang.String, java.lang.Object>> iuh.fit.se.controllers.EmployeeController.getEmployeeById(int): Method parameter 'id': Failed to convert value of type 'java.lang.String' to required type 'int'; For input string: "employeesHasPage"
2025-10-26T08:04:22.061+07:00 DEBUG 66345 --- [SpringRestAPIHasDTODemo] [http-nio-8081-exec-8] .m.m.a.ExceptionHandlerExceptionResolver : Using @ExceptionHandler iuh.fit.se.exceptions.GlobalExceptionHandler#handleException(Exception, WebRequest)
2025-10-26T08:04:22.062+07:00 DEBUG 66345 --- [SpringRestAPIHasDTODemo] [http-nio-8081-exec-8] o.s.w.s.m.m.a.HttpEntityMethodProcessor  : Using 'application/problem+json;q=0.8', given [text/html, application/xhtml+xml, application/xml;q=0.9, */*;q=0.8] and supported [application/problem+json]
2025-10-26T08:04:22.062+07:00 DEBUG 66345 --- [SpringRestAPIHasDTODemo] [http-nio-8081-exec-8] o.s.w.s.m.m.a.HttpEntityMethodProcessor  : Writing [ProblemDetail[type='about:blank', title='Bad Request', status=400, detail='Failed to convert 'id' wi (truncated)...]
2025-10-26T08:04:22.063+07:00  WARN 66345 --- [SpringRestAPIHasDTODemo] [http-nio-8081-exec-8] .m.m.a.ExceptionHandlerExceptionResolver : Resolved [org.springframework.web.method.annotation.MethodArgumentTypeMismatchException: Method parameter 'id': Failed to convert value of type 'java.lang.String' to required type 'int'; For input string: "employeesHasPage"]
2025-10-26T08:04:22.063+07:00 DEBUG 66345 --- [SpringRestAPIHasDTODemo] [http-nio-8081-exec-8] o.s.web.servlet.DispatcherServlet        : Completed 400 BAD_REQUEST
2025-10-26T08:04:26.274+07:00 DEBUG 66345 --- [SpringRestAPIHasDTODemo] [http-nio-8081-exec-9] o.s.web.servlet.DispatcherServlet        : GET "/api/v3/api-docs/swagger-config", parameters={}
2025-10-26T08:04:26.275+07:00 DEBUG 66345 --- [SpringRestAPIHasDTODemo] [http-nio-8081-exec-9] s.w.s.m.m.a.RequestMappingHandlerMapping : Mapped to org.springdoc.webmvc.ui.SwaggerConfigResource#openapiJson(HttpServletRequest)
2025-10-26T08:04:26.278+07:00 DEBUG 66345 --- [SpringRestAPIHasDTODemo] [http-nio-8081-exec-9] m.m.a.RequestResponseBodyMethodProcessor : Using 'application/json', given [*/*] and supported [application/json]
2025-10-26T08:04:26.278+07:00 DEBUG 66345 --- [SpringRestAPIHasDTODemo] [http-nio-8081-exec-9] m.m.a.RequestResponseBodyMethodProcessor : Writing [{configUrl=/api/v3/api-docs/swagger-config, oauth2RedirectUrl=http://localhost:8081/api/swagger-ui/o (truncated)...]
2025-10-26T08:04:26.279+07:00 DEBUG 66345 --- [SpringRestAPIHasDTODemo] [http-nio-8081-exec-9] o.s.web.servlet.DispatcherServlet        : Completed 200 OK
2025-10-26T08:04:26.286+07:00 DEBUG 66345 --- [SpringRestAPIHasDTODemo] [http-nio-8081-exec-10] o.s.web.servlet.DispatcherServlet        : GET "/api/v3/api-docs", parameters={}
2025-10-26T08:04:26.287+07:00 DEBUG 66345 --- [SpringRestAPIHasDTODemo] [http-nio-8081-exec-10] s.w.s.m.m.a.RequestMappingHandlerMapping : Mapped to org.springdoc.webmvc.api.OpenApiWebMvcResource#openapiJson(HttpServletRequest, String, Locale)
2025-10-26T08:04:26.295+07:00 DEBUG 66345 --- [SpringRestAPIHasDTODemo] [http-nio-8081-exec-10] m.m.a.RequestResponseBodyMethodProcessor : Using 'application/json', given [application/json, */*] and supported [application/json]
2025-10-26T08:04:26.295+07:00 DEBUG 66345 --- [SpringRestAPIHasDTODemo] [http-nio-8081-exec-10] m.m.a.RequestResponseBodyMethodProcessor : Writing [{123, 34, 111, 112, 101, 110, 97, 112, 105, 34, 58, 34, 51, 46, 49, 46, 48, 34, 44, 34, 105, 110, 10 (truncated)...]
2025-10-26T08:04:26.296+07:00 DEBUG 66345 --- [SpringRestAPIHasDTODemo] [http-nio-8081-exec-10] o.s.web.servlet.DispatcherServlet        : Completed 200 OK
2025-10-26T08:04:42.022+07:00 DEBUG 66345 --- [SpringRestAPIHasDTODemo] [http-nio-8081-exec-1] o.s.web.servlet.DispatcherServlet        : GET "/api/employeesHasPage?page=0&size=20&sort=id%2Casc", parameters={masked}
2025-10-26T08:04:42.024+07:00 DEBUG 66345 --- [SpringRestAPIHasDTODemo] [http-nio-8081-exec-1] s.w.s.m.m.a.RequestMappingHandlerMapping : Mapped to iuh.fit.se.controllers.EmployeeController#getEmployees(Pageable)
2025-10-26T08:04:42.063+07:00 DEBUG 66345 --- [SpringRestAPIHasDTODemo] [http-nio-8081-exec-1] o.s.w.s.m.m.a.HttpEntityMethodProcessor  : Using 'application/json', given [*/*] and supported [application/json, application/*+json, application/yaml]
2025-10-26T08:04:42.063+07:00 DEBUG 66345 --- [SpringRestAPIHasDTODemo] [http-nio-8081-exec-1] o.s.w.s.m.m.a.HttpEntityMethodProcessor  : Writing [Page 1 of 1 containing iuh.fit.se.dtos.EmployeeDTO instances]
2025-10-26T08:04:42.064+07:00 DEBUG 66345 --- [SpringRestAPIHasDTODemo] [http-nio-8081-exec-1] o.s.web.servlet.DispatcherServlet        : Completed 200 OK
2025-10-26T08:06:41.102+07:00 DEBUG 66345 --- [SpringRestAPIHasDTODemo] [http-nio-8081-exec-3] o.s.web.servlet.DispatcherServlet        : GET "/api/employees/employeesHasPage?page=0&size=1&sort=id,asc", parameters={masked}
2025-10-26T08:06:41.104+07:00 DEBUG 66345 --- [SpringRestAPIHasDTODemo] [http-nio-8081-exec-3] s.w.s.m.m.a.RequestMappingHandlerMapping : Mapped to iuh.fit.se.controllers.EmployeeController#getEmployeeById(int)
2025-10-26T08:06:41.106+07:00 DEBUG 66345 --- [SpringRestAPIHasDTODemo] [http-nio-8081-exec-3] o.s.web.method.HandlerMethod             : Could not resolve parameter [0] in public org.springframework.http.ResponseEntity<java.util.Map<java.lang.String, java.lang.Object>> iuh.fit.se.controllers.EmployeeController.getEmployeeById(int): Method parameter 'id': Failed to convert value of type 'java.lang.String' to required type 'int'; For input string: "employeesHasPage"
2025-10-26T08:06:41.106+07:00 DEBUG 66345 --- [SpringRestAPIHasDTODemo] [http-nio-8081-exec-3] .m.m.a.ExceptionHandlerExceptionResolver : Using @ExceptionHandler iuh.fit.se.exceptions.GlobalExceptionHandler#handleException(Exception, WebRequest)
2025-10-26T08:06:41.107+07:00 DEBUG 66345 --- [SpringRestAPIHasDTODemo] [http-nio-8081-exec-3] o.s.w.s.m.m.a.HttpEntityMethodProcessor  : Using 'application/problem+json', given [application/json] and supported [application/problem+json]
2025-10-26T08:06:41.107+07:00 DEBUG 66345 --- [SpringRestAPIHasDTODemo] [http-nio-8081-exec-3] o.s.w.s.m.m.a.HttpEntityMethodProcessor  : Writing [ProblemDetail[type='about:blank', title='Bad Request', status=400, detail='Failed to convert 'id' wi (truncated)...]
2025-10-26T08:06:41.108+07:00  WARN 66345 --- [SpringRestAPIHasDTODemo] [http-nio-8081-exec-3] .m.m.a.ExceptionHandlerExceptionResolver : Resolved [org.springframework.web.method.annotation.MethodArgumentTypeMismatchException: Method parameter 'id': Failed to convert value of type 'java.lang.String' to required type 'int'; For input string: "employeesHasPage"]
2025-10-26T08:06:41.108+07:00 DEBUG 66345 --- [SpringRestAPIHasDTODemo] [http-nio-8081-exec-3] o.s.web.servlet.DispatcherServlet        : Completed 400 BAD_REQUEST
2025-10-26T08:06:55.874+07:00 DEBUG 66345 --- [SpringRestAPIHasDTODemo] [http-nio-8081-exec-4] o.s.web.servlet.DispatcherServlet        : GET "/api/employees/employeesHasPage?page=0&size=1&sort=id,asc", parameters={masked}
2025-10-26T08:06:55.880+07:00 DEBUG 66345 --- [SpringRestAPIHasDTODemo] [http-nio-8081-exec-4] s.w.s.m.m.a.RequestMappingHandlerMapping : Mapped to iuh.fit.se.controllers.EmployeeController#getEmployeeById(int)
2025-10-26T08:06:55.884+07:00 DEBUG 66345 --- [SpringRestAPIHasDTODemo] [http-nio-8081-exec-4] o.s.web.method.HandlerMethod             : Could not resolve parameter [0] in public org.springframework.http.ResponseEntity<java.util.Map<java.lang.String, java.lang.Object>> iuh.fit.se.controllers.EmployeeController.getEmployeeById(int): Method parameter 'id': Failed to convert value of type 'java.lang.String' to required type 'int'; For input string: "employeesHasPage"
2025-10-26T08:06:55.884+07:00 DEBUG 66345 --- [SpringRestAPIHasDTODemo] [http-nio-8081-exec-4] .m.m.a.ExceptionHandlerExceptionResolver : Using @ExceptionHandler iuh.fit.se.exceptions.GlobalExceptionHandler#handleException(Exception, WebRequest)
2025-10-26T08:06:55.885+07:00 DEBUG 66345 --- [SpringRestAPIHasDTODemo] [http-nio-8081-exec-4] o.s.w.s.m.m.a.HttpEntityMethodProcessor  : Using 'application/problem+json', given [application/json] and supported [application/problem+json]
2025-10-26T08:06:55.885+07:00 DEBUG 66345 --- [SpringRestAPIHasDTODemo] [http-nio-8081-exec-4] o.s.w.s.m.m.a.HttpEntityMethodProcessor  : Writing [ProblemDetail[type='about:blank', title='Bad Request', status=400, detail='Failed to convert 'id' wi (truncated)...]
2025-10-26T08:06:55.886+07:00  WARN 66345 --- [SpringRestAPIHasDTODemo] [http-nio-8081-exec-4] .m.m.a.ExceptionHandlerExceptionResolver : Resolved [org.springframework.web.method.annotation.MethodArgumentTypeMismatchException: Method parameter 'id': Failed to convert value of type 'java.lang.String' to required type 'int'; For input string: "employeesHasPage"]
2025-10-26T08:06:55.887+07:00 DEBUG 66345 --- [SpringRestAPIHasDTODemo] [http-nio-8081-exec-4] o.s.web.servlet.DispatcherServlet        : Completed 400 BAD_REQUEST
2025-10-26T08:07:08.812+07:00 DEBUG 66345 --- [SpringRestAPIHasDTODemo] [http-nio-8081-exec-5] o.s.web.servlet.DispatcherServlet        : GET "/api/employees/employeesHasPage?page=0&size=1&sort=id,asc", parameters={masked}
2025-10-26T08:07:08.814+07:00 DEBUG 66345 --- [SpringRestAPIHasDTODemo] [http-nio-8081-exec-5] s.w.s.m.m.a.RequestMappingHandlerMapping : Mapped to iuh.fit.se.controllers.EmployeeController#getEmployeeById(int)
2025-10-26T08:07:08.816+07:00 DEBUG 66345 --- [SpringRestAPIHasDTODemo] [http-nio-8081-exec-5] o.s.web.method.HandlerMethod             : Could not resolve parameter [0] in public org.springframework.http.ResponseEntity<java.util.Map<java.lang.String, java.lang.Object>> iuh.fit.se.controllers.EmployeeController.getEmployeeById(int): Method parameter 'id': Failed to convert value of type 'java.lang.String' to required type 'int'; For input string: "employeesHasPage"
2025-10-26T08:07:08.816+07:00 DEBUG 66345 --- [SpringRestAPIHasDTODemo] [http-nio-8081-exec-5] .m.m.a.ExceptionHandlerExceptionResolver : Using @ExceptionHandler iuh.fit.se.exceptions.GlobalExceptionHandler#handleException(Exception, WebRequest)
2025-10-26T08:07:08.816+07:00 DEBUG 66345 --- [SpringRestAPIHasDTODemo] [http-nio-8081-exec-5] o.s.w.s.m.m.a.HttpEntityMethodProcessor  : Using 'application/problem+json', given [application/json] and supported [application/problem+json]
2025-10-26T08:07:08.817+07:00 DEBUG 66345 --- [SpringRestAPIHasDTODemo] [http-nio-8081-exec-5] o.s.w.s.m.m.a.HttpEntityMethodProcessor  : Writing [ProblemDetail[type='about:blank', title='Bad Request', status=400, detail='Failed to convert 'id' wi (truncated)...]
2025-10-26T08:07:08.817+07:00  WARN 66345 --- [SpringRestAPIHasDTODemo] [http-nio-8081-exec-5] .m.m.a.ExceptionHandlerExceptionResolver : Resolved [org.springframework.web.method.annotation.MethodArgumentTypeMismatchException: Method parameter 'id': Failed to convert value of type 'java.lang.String' to required type 'int'; For input string: "employeesHasPage"]
2025-10-26T08:07:08.818+07:00 DEBUG 66345 --- [SpringRestAPIHasDTODemo] [http-nio-8081-exec-5] o.s.web.servlet.DispatcherServlet        : Completed 400 BAD_REQUEST
2025-10-26T08:13:35.689+07:00 DEBUG 66345 --- [SpringRestAPIHasDTODemo] [http-nio-8081-exec-6] o.s.web.servlet.DispatcherServlet        : GET "/api/employees/employeesHasPage?page=0&size=1&sort=id,asc", parameters={masked}
2025-10-26T08:13:35.691+07:00 DEBUG 66345 --- [SpringRestAPIHasDTODemo] [http-nio-8081-exec-6] s.w.s.m.m.a.RequestMappingHandlerMapping : Mapped to iuh.fit.se.controllers.EmployeeController#getEmployeeById(int)
2025-10-26T08:13:35.694+07:00 DEBUG 66345 --- [SpringRestAPIHasDTODemo] [http-nio-8081-exec-6] o.s.web.method.HandlerMethod             : Could not resolve parameter [0] in public org.springframework.http.ResponseEntity<java.util.Map<java.lang.String, java.lang.Object>> iuh.fit.se.controllers.EmployeeController.getEmployeeById(int): Method parameter 'id': Failed to convert value of type 'java.lang.String' to required type 'int'; For input string: "employeesHasPage"
2025-10-26T08:13:35.695+07:00 DEBUG 66345 --- [SpringRestAPIHasDTODemo] [http-nio-8081-exec-6] .m.m.a.ExceptionHandlerExceptionResolver : Using @ExceptionHandler iuh.fit.se.exceptions.GlobalExceptionHandler#handleException(Exception, WebRequest)
2025-10-26T08:13:35.696+07:00 DEBUG 66345 --- [SpringRestAPIHasDTODemo] [http-nio-8081-exec-6] o.s.w.s.m.m.a.HttpEntityMethodProcessor  : Using 'application/problem+json', given [application/json] and supported [application/problem+json]
2025-10-26T08:13:35.696+07:00 DEBUG 66345 --- [SpringRestAPIHasDTODemo] [http-nio-8081-exec-6] o.s.w.s.m.m.a.HttpEntityMethodProcessor  : Writing [ProblemDetail[type='about:blank', title='Bad Request', status=400, detail='Failed to convert 'id' wi (truncated)...]
2025-10-26T08:13:35.697+07:00  WARN 66345 --- [SpringRestAPIHasDTODemo] [http-nio-8081-exec-6] .m.m.a.ExceptionHandlerExceptionResolver : Resolved [org.springframework.web.method.annotation.MethodArgumentTypeMismatchException: Method parameter 'id': Failed to convert value of type 'java.lang.String' to required type 'int'; For input string: "employeesHasPage"]
2025-10-26T08:13:35.699+07:00 DEBUG 66345 --- [SpringRestAPIHasDTODemo] [http-nio-8081-exec-6] o.s.web.servlet.DispatcherServlet        : Completed 400 BAD_REQUEST
2025-10-26T08:15:45.167+07:00 DEBUG 66345 --- [SpringRestAPIHasDTODemo] [http-nio-8081-exec-7] o.s.web.servlet.DispatcherServlet        : GET "/api/employeesHasPage?page=0&size=1&sort=id,asc", parameters={masked}
2025-10-26T08:15:45.169+07:00 DEBUG 66345 --- [SpringRestAPIHasDTODemo] [http-nio-8081-exec-7] s.w.s.m.m.a.RequestMappingHandlerMapping : Mapped to iuh.fit.se.controllers.EmployeeController#getEmployees(Pageable)
2025-10-26T08:15:45.197+07:00 DEBUG 66345 --- [SpringRestAPIHasDTODemo] [http-nio-8081-exec-7] o.s.w.s.m.m.a.HttpEntityMethodProcessor  : Using 'application/json', given [application/json] and supported [application/json, application/*+json, application/yaml]
2025-10-26T08:15:45.197+07:00 DEBUG 66345 --- [SpringRestAPIHasDTODemo] [http-nio-8081-exec-7] o.s.w.s.m.m.a.HttpEntityMethodProcessor  : Writing [Page 1 of 4 containing iuh.fit.se.dtos.EmployeeDTO instances]
2025-10-26T08:15:45.198+07:00 DEBUG 66345 --- [SpringRestAPIHasDTODemo] [http-nio-8081-exec-7] o.s.web.servlet.DispatcherServlet        : Completed 200 OK
2025-10-26T08:15:47.080+07:00 DEBUG 66345 --- [SpringRestAPIHasDTODemo] [http-nio-8081-exec-8] o.s.web.servlet.DispatcherServlet        : GET "/api/employeesHasPage?page=1&size=1&sort=id,asc", parameters={masked}
2025-10-26T08:15:47.081+07:00 DEBUG 66345 --- [SpringRestAPIHasDTODemo] [http-nio-8081-exec-8] s.w.s.m.m.a.RequestMappingHandlerMapping : Mapped to iuh.fit.se.controllers.EmployeeController#getEmployees(Pageable)
2025-10-26T08:15:47.092+07:00 DEBUG 66345 --- [SpringRestAPIHasDTODemo] [http-nio-8081-exec-8] o.s.w.s.m.m.a.HttpEntityMethodProcessor  : Using 'application/json', given [application/json] and supported [application/json, application/*+json, application/yaml]
2025-10-26T08:15:47.092+07:00 DEBUG 66345 --- [SpringRestAPIHasDTODemo] [http-nio-8081-exec-8] o.s.w.s.m.m.a.HttpEntityMethodProcessor  : Writing [Page 2 of 4 containing iuh.fit.se.dtos.EmployeeDTO instances]
2025-10-26T08:15:47.093+07:00 DEBUG 66345 --- [SpringRestAPIHasDTODemo] [http-nio-8081-exec-8] o.s.web.servlet.DispatcherServlet        : Completed 200 OK
2025-10-26T08:15:47.869+07:00 DEBUG 66345 --- [SpringRestAPIHasDTODemo] [http-nio-8081-exec-9] o.s.web.servlet.DispatcherServlet        : GET "/api/employeesHasPage?page=2&size=1&sort=id,asc", parameters={masked}
2025-10-26T08:15:47.870+07:00 DEBUG 66345 --- [SpringRestAPIHasDTODemo] [http-nio-8081-exec-9] s.w.s.m.m.a.RequestMappingHandlerMapping : Mapped to iuh.fit.se.controllers.EmployeeController#getEmployees(Pageable)
2025-10-26T08:15:47.882+07:00 DEBUG 66345 --- [SpringRestAPIHasDTODemo] [http-nio-8081-exec-9] o.s.w.s.m.m.a.HttpEntityMethodProcessor  : Using 'application/json', given [application/json] and supported [application/json, application/*+json, application/yaml]
2025-10-26T08:15:47.882+07:00 DEBUG 66345 --- [SpringRestAPIHasDTODemo] [http-nio-8081-exec-9] o.s.w.s.m.m.a.HttpEntityMethodProcessor  : Writing [Page 3 of 4 containing iuh.fit.se.dtos.EmployeeDTO instances]
2025-10-26T08:15:47.883+07:00 DEBUG 66345 --- [SpringRestAPIHasDTODemo] [http-nio-8081-exec-9] o.s.web.servlet.DispatcherServlet        : Completed 200 OK
2025-10-26T08:15:48.625+07:00 DEBUG 66345 --- [SpringRestAPIHasDTODemo] [http-nio-8081-exec-10] o.s.web.servlet.DispatcherServlet        : GET "/api/employeesHasPage?page=3&size=1&sort=id,asc", parameters={masked}
2025-10-26T08:15:48.626+07:00 DEBUG 66345 --- [SpringRestAPIHasDTODemo] [http-nio-8081-exec-10] s.w.s.m.m.a.RequestMappingHandlerMapping : Mapped to iuh.fit.se.controllers.EmployeeController#getEmployees(Pageable)
2025-10-26T08:15:48.638+07:00 DEBUG 66345 --- [SpringRestAPIHasDTODemo] [http-nio-8081-exec-10] o.s.w.s.m.m.a.HttpEntityMethodProcessor  : Using 'application/json', given [application/json] and supported [application/json, application/*+json, application/yaml]
2025-10-26T08:15:48.638+07:00 DEBUG 66345 --- [SpringRestAPIHasDTODemo] [http-nio-8081-exec-10] o.s.w.s.m.m.a.HttpEntityMethodProcessor  : Writing [Page 4 of 4 containing iuh.fit.se.dtos.EmployeeDTO instances]
2025-10-26T08:15:48.639+07:00 DEBUG 66345 --- [SpringRestAPIHasDTODemo] [http-nio-8081-exec-10] o.s.web.servlet.DispatcherServlet        : Completed 200 OK
2025-10-26T08:41:39.329+07:00 DEBUG 66345 --- [SpringRestAPIHasDTODemo] [http-nio-8081-exec-2] o.s.web.servlet.DispatcherServlet        : GET "/api/employeesHasPage?page=3&size=1&sort=id,asc", parameters={masked}
2025-10-26T08:41:39.330+07:00 DEBUG 66345 --- [SpringRestAPIHasDTODemo] [http-nio-8081-exec-2] s.w.s.m.m.a.RequestMappingHandlerMapping : Mapped to iuh.fit.se.controllers.EmployeeController#getEmployees(Pageable)
2025-10-26T08:41:39.343+07:00 DEBUG 66345 --- [SpringRestAPIHasDTODemo] [http-nio-8081-exec-2] o.s.w.s.m.m.a.HttpEntityMethodProcessor  : Using 'application/json', given [application/json] and supported [application/json, application/*+json, application/yaml]
2025-10-26T08:41:39.344+07:00 DEBUG 66345 --- [SpringRestAPIHasDTODemo] [http-nio-8081-exec-2] o.s.w.s.m.m.a.HttpEntityMethodProcessor  : Writing [Page 4 of 4 containing iuh.fit.se.dtos.EmployeeDTO instances]
2025-10-26T08:41:39.345+07:00 DEBUG 66345 --- [SpringRestAPIHasDTODemo] [http-nio-8081-exec-2] o.s.web.servlet.DispatcherServlet        : Completed 200 OK
2025-10-26T08:41:41.474+07:00 DEBUG 66345 --- [SpringRestAPIHasDTODemo] [http-nio-8081-exec-3] o.s.web.servlet.DispatcherServlet        : GET "/api/employeesHasPage?page=2&size=1&sort=id,asc", parameters={masked}
2025-10-26T08:41:41.474+07:00 DEBUG 66345 --- [SpringRestAPIHasDTODemo] [http-nio-8081-exec-3] s.w.s.m.m.a.RequestMappingHandlerMapping : Mapped to iuh.fit.se.controllers.EmployeeController#getEmployees(Pageable)
2025-10-26T08:41:41.485+07:00 DEBUG 66345 --- [SpringRestAPIHasDTODemo] [http-nio-8081-exec-3] o.s.w.s.m.m.a.HttpEntityMethodProcessor  : Using 'application/json', given [application/json] and supported [application/json, application/*+json, application/yaml]
2025-10-26T08:41:41.486+07:00 DEBUG 66345 --- [SpringRestAPIHasDTODemo] [http-nio-8081-exec-3] o.s.w.s.m.m.a.HttpEntityMethodProcessor  : Writing [Page 3 of 4 containing iuh.fit.se.dtos.EmployeeDTO instances]
2025-10-26T08:41:41.494+07:00 DEBUG 66345 --- [SpringRestAPIHasDTODemo] [http-nio-8081-exec-3] o.s.web.servlet.DispatcherServlet        : Completed 200 OK
2025-10-26T08:41:42.135+07:00 DEBUG 66345 --- [SpringRestAPIHasDTODemo] [http-nio-8081-exec-4] o.s.web.servlet.DispatcherServlet        : GET "/api/employeesHasPage?page=1&size=1&sort=id,asc", parameters={masked}
2025-10-26T08:41:42.135+07:00 DEBUG 66345 --- [SpringRestAPIHasDTODemo] [http-nio-8081-exec-4] s.w.s.m.m.a.RequestMappingHandlerMapping : Mapped to iuh.fit.se.controllers.EmployeeController#getEmployees(Pageable)
2025-10-26T08:41:42.145+07:00 DEBUG 66345 --- [SpringRestAPIHasDTODemo] [http-nio-8081-exec-4] o.s.w.s.m.m.a.HttpEntityMethodProcessor  : Using 'application/json', given [application/json] and supported [application/json, application/*+json, application/yaml]
2025-10-26T08:41:42.146+07:00 DEBUG 66345 --- [SpringRestAPIHasDTODemo] [http-nio-8081-exec-4] o.s.w.s.m.m.a.HttpEntityMethodProcessor  : Writing [Page 2 of 4 containing iuh.fit.se.dtos.EmployeeDTO instances]
2025-10-26T08:41:42.147+07:00 DEBUG 66345 --- [SpringRestAPIHasDTODemo] [http-nio-8081-exec-4] o.s.web.servlet.DispatcherServlet        : Completed 200 OK
2025-10-26T08:41:42.784+07:00 DEBUG 66345 --- [SpringRestAPIHasDTODemo] [http-nio-8081-exec-5] o.s.web.servlet.DispatcherServlet        : GET "/api/employeesHasPage?page=0&size=1&sort=id,asc", parameters={masked}
2025-10-26T08:41:42.785+07:00 DEBUG 66345 --- [SpringRestAPIHasDTODemo] [http-nio-8081-exec-5] s.w.s.m.m.a.RequestMappingHandlerMapping : Mapped to iuh.fit.se.controllers.EmployeeController#getEmployees(Pageable)
2025-10-26T08:41:42.794+07:00 DEBUG 66345 --- [SpringRestAPIHasDTODemo] [http-nio-8081-exec-5] o.s.w.s.m.m.a.HttpEntityMethodProcessor  : Using 'application/json', given [application/json] and supported [application/json, application/*+json, application/yaml]
2025-10-26T08:41:42.795+07:00 DEBUG 66345 --- [SpringRestAPIHasDTODemo] [http-nio-8081-exec-5] o.s.w.s.m.m.a.HttpEntityMethodProcessor  : Writing [Page 1 of 4 containing iuh.fit.se.dtos.EmployeeDTO instances]
2025-10-26T08:41:42.796+07:00 DEBUG 66345 --- [SpringRestAPIHasDTODemo] [http-nio-8081-exec-5] o.s.web.servlet.DispatcherServlet        : Completed 200 OK
2025-10-26T08:41:51.024+07:00 DEBUG 66345 --- [SpringRestAPIHasDTODemo] [http-nio-8081-exec-6] o.s.web.servlet.DispatcherServlet        : GET "/api/employees", parameters={}
2025-10-26T08:41:51.025+07:00 DEBUG 66345 --- [SpringRestAPIHasDTODemo] [http-nio-8081-exec-6] s.w.s.m.m.a.RequestMappingHandlerMapping : Mapped to iuh.fit.se.controllers.EmployeeController#getEmployees(String)
2025-10-26T08:41:51.031+07:00 DEBUG 66345 --- [SpringRestAPIHasDTODemo] [http-nio-8081-exec-6] o.s.w.s.m.m.a.HttpEntityMethodProcessor  : Using 'application/json', given [application/json] and supported [application/json, application/*+json, application/yaml]
2025-10-26T08:41:51.031+07:00 DEBUG 66345 --- [SpringRestAPIHasDTODemo] [http-nio-8081-exec-6] o.s.w.s.m.m.a.HttpEntityMethodProcessor  : Writing [{status=200, data=[iuh.fit.se.dtos.EmployeeDTO@150a7f54, iuh.fit.se.dtos.EmployeeDTO@165e9419, iuh.f (truncated)...]
2025-10-26T08:41:51.032+07:00 DEBUG 66345 --- [SpringRestAPIHasDTODemo] [http-nio-8081-exec-6] o.s.web.servlet.DispatcherServlet        : Completed 200 OK
2025-10-26T08:42:12.816+07:00 DEBUG 66345 --- [SpringRestAPIHasDTODemo] [http-nio-8081-exec-7] o.s.web.servlet.DispatcherServlet        : POST "/api/employees", parameters={}
2025-10-26T08:42:12.819+07:00 DEBUG 66345 --- [SpringRestAPIHasDTODemo] [http-nio-8081-exec-7] s.w.s.m.m.a.RequestMappingHandlerMapping : Mapped to iuh.fit.se.controllers.EmployeeController#saveEmployee(Employee)
2025-10-26T08:42:12.860+07:00 DEBUG 66345 --- [SpringRestAPIHasDTODemo] [http-nio-8081-exec-7] m.m.a.RequestResponseBodyMethodProcessor : Read "application/json;charset=UTF-8" to [Employee [id=0, firstName=1, lastName=1, gender=male, emailAddress=1@gmail.com, phoneNumber=(123)456 (truncated)...]
2025-10-26T08:42:12.946+07:00 DEBUG 66345 --- [SpringRestAPIHasDTODemo] [http-nio-8081-exec-7] o.s.w.s.m.m.a.HttpEntityMethodProcessor  : Using 'application/json', given [application/json] and supported [application/json, application/*+json, application/yaml]
2025-10-26T08:42:12.946+07:00 DEBUG 66345 --- [SpringRestAPIHasDTODemo] [http-nio-8081-exec-7] o.s.w.s.m.m.a.HttpEntityMethodProcessor  : Writing [{status=200, data=iuh.fit.se.dtos.EmployeeDTO@26a117fb}]
2025-10-26T08:42:12.947+07:00 DEBUG 66345 --- [SpringRestAPIHasDTODemo] [http-nio-8081-exec-7] o.s.web.servlet.DispatcherServlet        : Completed 200 OK
2025-10-26T08:42:12.959+07:00 DEBUG 66345 --- [SpringRestAPIHasDTODemo] [http-nio-8081-exec-8] o.s.web.servlet.DispatcherServlet        : GET "/api/employees", parameters={}
2025-10-26T08:42:12.959+07:00 DEBUG 66345 --- [SpringRestAPIHasDTODemo] [http-nio-8081-exec-8] s.w.s.m.m.a.RequestMappingHandlerMapping : Mapped to iuh.fit.se.controllers.EmployeeController#getEmployees(String)
2025-10-26T08:42:12.965+07:00 DEBUG 66345 --- [SpringRestAPIHasDTODemo] [http-nio-8081-exec-8] o.s.w.s.m.m.a.HttpEntityMethodProcessor  : Using 'application/json', given [application/json] and supported [application/json, application/*+json, application/yaml]
2025-10-26T08:42:12.965+07:00 DEBUG 66345 --- [SpringRestAPIHasDTODemo] [http-nio-8081-exec-8] o.s.w.s.m.m.a.HttpEntityMethodProcessor  : Writing [{status=200, data=[iuh.fit.se.dtos.EmployeeDTO@598ddf79, iuh.fit.se.dtos.EmployeeDTO@1d32f895, iuh.f (truncated)...]
2025-10-26T08:42:12.965+07:00 DEBUG 66345 --- [SpringRestAPIHasDTODemo] [http-nio-8081-exec-8] o.s.web.servlet.DispatcherServlet        : Completed 200 OK
2025-10-26T08:43:32.478+07:00  INFO 66345 --- [SpringRestAPIHasDTODemo] [SpringApplicationShutdownHook] o.s.b.w.e.tomcat.GracefulShutdown        : Commencing graceful shutdown. Waiting for active requests to complete
2025-10-26T08:43:32.483+07:00  INFO 66345 --- [SpringRestAPIHasDTODemo] [tomcat-shutdown] o.s.b.w.e.tomcat.GracefulShutdown        : Graceful shutdown complete
2025-10-26T08:43:32.490+07:00  INFO 66345 --- [SpringRestAPIHasDTODemo] [SpringApplicationShutdownHook] j.LocalContainerEntityManagerFactoryBean : Closing JPA EntityManagerFactory for persistence unit 'default'
2025-10-26T08:43:32.508+07:00  INFO 66345 --- [SpringRestAPIHasDTODemo] [SpringApplicationShutdownHook] com.zaxxer.hikari.HikariDataSource       : HikariPool-1 - Shutdown initiated...
2025-10-26T08:43:32.517+07:00  INFO 66345 --- [SpringRestAPIHasDTODemo] [SpringApplicationShutdownHook] com.zaxxer.hikari.HikariDataSource       : HikariPool-1 - Shutdown completed.
