2024-11-08T19:32:32.610+07:00  INFO 14284 --- [RestAPIDemo] [main] iuh.fit.se.RestApiDemoApplicationTests   : Starting RestApiDemoApplicationTests using Java 17.0.11 with PID 14284 (started by ThanhDinh in D:\WWW\RestAPIDemoHasDTO)
2024-11-08T19:32:32.620+07:00  INFO 14284 --- [RestAPIDemo] [main] iuh.fit.se.RestApiDemoApplicationTests   : No active profile set, falling back to 1 default profile: "default"
2024-11-08T19:32:32.671+07:00 DEBUG 14284 --- [RestAPIDemo] [main] o.s.w.c.s.GenericWebApplicationContext   : Refreshing org.springframework.web.context.support.GenericWebApplicationContext@75699e35
2024-11-08T19:32:33.881+07:00  INFO 14284 --- [RestAPIDemo] [main] .s.d.r.c.RepositoryConfigurationDelegate : Bootstrapping Spring Data JPA repositories in DEFAULT mode.
2024-11-08T19:32:33.980+07:00  INFO 14284 --- [RestAPIDemo] [main] .s.d.r.c.RepositoryConfigurationDelegate : Finished Spring Data repository scanning in 85 ms. Found 2 JPA repository interfaces.
2024-11-08T19:32:35.374+07:00  INFO 14284 --- [RestAPIDemo] [main] o.s.o.j.p.SpringPersistenceUnitInfo      : No LoadTimeWeaver setup: ignoring JPA class transformer
2024-11-08T19:32:35.424+07:00  INFO 14284 --- [RestAPIDemo] [main] com.zaxxer.hikari.HikariDataSource       : HikariPool-1 - Starting...
2024-11-08T19:32:35.788+07:00  WARN 14284 --- [RestAPIDemo] [main] o.m.jdbc.message.server.ErrorPacket      : Error: 1045-28000: Access denied for user 'root'@'localhost' (using password: YES)
2024-11-08T19:32:36.801+07:00 ERROR 14284 --- [RestAPIDemo] [main] o.h.engine.jdbc.spi.SqlExceptionHelper   : (conn=3) Access denied for user 'root'@'localhost' (using password: YES)
2024-11-08T19:32:36.804+07:00 ERROR 14284 --- [RestAPIDemo] [main] j.LocalContainerEntityManagerFactoryBean : Failed to initialize JPA EntityManagerFactory: Unable to create requested service [org.hibernate.engine.jdbc.env.spi.JdbcEnvironment] due to: Unable to determine Dialect without JDBC metadata (please set 'jakarta.persistence.jdbc.url' for common cases or 'hibernate.dialect' when a custom Dialect implementation must be provided)
2024-11-08T19:32:36.804+07:00  WARN 14284 --- [RestAPIDemo] [main] o.s.w.c.s.GenericWebApplicationContext   : Exception encountered during context initialization - cancelling refresh attempt: org.springframework.beans.factory.BeanCreationException: Error creating bean with name 'entityManagerFactory' defined in class path resource [org/springframework/boot/autoconfigure/orm/jpa/HibernateJpaConfiguration.class]: Unable to create requested service [org.hibernate.engine.jdbc.env.spi.JdbcEnvironment] due to: Unable to determine Dialect without JDBC metadata (please set 'jakarta.persistence.jdbc.url' for common cases or 'hibernate.dialect' when a custom Dialect implementation must be provided)
2024-11-08T19:32:36.825+07:00  INFO 14284 --- [RestAPIDemo] [main] .s.b.a.l.ConditionEvaluationReportLogger : 

Error starting ApplicationContext. To display the condition evaluation report re-run your application with 'debug' enabled.
2024-11-08T19:32:36.855+07:00 ERROR 14284 --- [RestAPIDemo] [main] o.s.boot.SpringApplication               : Application run failed

org.springframework.beans.factory.BeanCreationException: Error creating bean with name 'entityManagerFactory' defined in class path resource [org/springframework/boot/autoconfigure/orm/jpa/HibernateJpaConfiguration.class]: Unable to create requested service [org.hibernate.engine.jdbc.env.spi.JdbcEnvironment] due to: Unable to determine Dialect without JDBC metadata (please set 'jakarta.persistence.jdbc.url' for common cases or 'hibernate.dialect' when a custom Dialect implementation must be provided)
	at org.springframework.beans.factory.support.AbstractAutowireCapableBeanFactory.initializeBean(AbstractAutowireCapableBeanFactory.java:1806)
	at org.springframework.beans.factory.support.AbstractAutowireCapableBeanFactory.doCreateBean(AbstractAutowireCapableBeanFactory.java:600)
	at org.springframework.beans.factory.support.AbstractAutowireCapableBeanFactory.createBean(AbstractAutowireCapableBeanFactory.java:522)
	at org.springframework.beans.factory.support.AbstractBeanFactory.lambda$doGetBean$0(AbstractBeanFactory.java:337)
	at org.springframework.beans.factory.support.DefaultSingletonBeanRegistry.getSingleton(DefaultSingletonBeanRegistry.java:234)
	at org.springframework.beans.factory.support.AbstractBeanFactory.doGetBean(AbstractBeanFactory.java:335)
	at org.springframework.beans.factory.support.AbstractBeanFactory.getBean(AbstractBeanFactory.java:205)
	at org.springframework.context.support.AbstractApplicationContext.finishBeanFactoryInitialization(AbstractApplicationContext.java:954)
	at org.springframework.context.support.AbstractApplicationContext.refresh(AbstractApplicationContext.java:625)
	at org.springframework.boot.SpringApplication.refresh(SpringApplication.java:754)
	at org.springframework.boot.SpringApplication.refreshContext(SpringApplication.java:456)
	at org.springframework.boot.SpringApplication.run(SpringApplication.java:335)
	at org.springframework.boot.test.context.SpringBootContextLoader.lambda$loadContext$3(SpringBootContextLoader.java:137)
	at org.springframework.util.function.ThrowingSupplier.get(ThrowingSupplier.java:58)
	at org.springframework.util.function.ThrowingSupplier.get(ThrowingSupplier.java:46)
	at org.springframework.boot.SpringApplication.withHook(SpringApplication.java:1463)
	at org.springframework.boot.test.context.SpringBootContextLoader$ContextLoaderHook.run(SpringBootContextLoader.java:553)
	at org.springframework.boot.test.context.SpringBootContextLoader.loadContext(SpringBootContextLoader.java:137)
	at org.springframework.boot.test.context.SpringBootContextLoader.loadContext(SpringBootContextLoader.java:108)
	at org.springframework.test.context.cache.DefaultCacheAwareContextLoaderDelegate.loadContextInternal(DefaultCacheAwareContextLoaderDelegate.java:225)
	at org.springframework.test.context.cache.DefaultCacheAwareContextLoaderDelegate.loadContext(DefaultCacheAwareContextLoaderDelegate.java:152)
	at org.springframework.test.context.support.DefaultTestContext.getApplicationContext(DefaultTestContext.java:130)
	at org.springframework.test.context.web.ServletTestExecutionListener.setUpRequestContextIfNecessary(ServletTestExecutionListener.java:191)
	at org.springframework.test.context.web.ServletTestExecutionListener.prepareTestInstance(ServletTestExecutionListener.java:130)
	at org.springframework.test.context.TestContextManager.prepareTestInstance(TestContextManager.java:260)
	at org.springframework.test.context.junit.jupiter.SpringExtension.postProcessTestInstance(SpringExtension.java:163)
	at org.junit.jupiter.engine.descriptor.ClassBasedTestDescriptor.lambda$invokeTestInstancePostProcessors$10(ClassBasedTestDescriptor.java:378)
	at org.junit.jupiter.engine.descriptor.ClassBasedTestDescriptor.executeAndMaskThrowable(ClassBasedTestDescriptor.java:383)
	at org.junit.jupiter.engine.descriptor.ClassBasedTestDescriptor.lambda$invokeTestInstancePostProcessors$11(ClassBasedTestDescriptor.java:378)
	at java.base/java.util.stream.ReferencePipeline$3$1.accept(ReferencePipeline.java:197)
	at java.base/java.util.stream.ReferencePipeline$2$1.accept(ReferencePipeline.java:179)
	at java.base/java.util.ArrayList$ArrayListSpliterator.forEachRemaining(ArrayList.java:1625)
	at java.base/java.util.stream.AbstractPipeline.copyInto(AbstractPipeline.java:509)
	at java.base/java.util.stream.AbstractPipeline.wrapAndCopyInto(AbstractPipeline.java:499)
	at java.base/java.util.stream.StreamSpliterators$WrappingSpliterator.forEachRemaining(StreamSpliterators.java:310)
	at java.base/java.util.stream.Streams$ConcatSpliterator.forEachRemaining(Streams.java:735)
	at java.base/java.util.stream.Streams$ConcatSpliterator.forEachRemaining(Streams.java:734)
	at java.base/java.util.stream.ReferencePipeline$Head.forEach(ReferencePipeline.java:762)
	at org.junit.jupiter.engine.descriptor.ClassBasedTestDescriptor.invokeTestInstancePostProcessors(ClassBasedTestDescriptor.java:377)
	at org.junit.jupiter.engine.descriptor.ClassBasedTestDescriptor.lambda$instantiateAndPostProcessTestInstance$6(ClassBasedTestDescriptor.java:290)
	at org.junit.platform.engine.support.hierarchical.ThrowableCollector.execute(ThrowableCollector.java:73)
	at org.junit.jupiter.engine.descriptor.ClassBasedTestDescriptor.instantiateAndPostProcessTestInstance(ClassBasedTestDescriptor.java:289)
	at org.junit.jupiter.engine.descriptor.ClassBasedTestDescriptor.lambda$testInstancesProvider$4(ClassBasedTestDescriptor.java:279)
	at java.base/java.util.Optional.orElseGet(Optional.java:364)
	at org.junit.jupiter.engine.descriptor.ClassBasedTestDescriptor.lambda$testInstancesProvider$5(ClassBasedTestDescriptor.java:278)
	at org.junit.jupiter.engine.execution.TestInstancesProvider.getTestInstances(TestInstancesProvider.java:31)
	at org.junit.jupiter.engine.descriptor.TestMethodTestDescriptor.lambda$prepare$0(TestMethodTestDescriptor.java:106)
	at org.junit.platform.engine.support.hierarchical.ThrowableCollector.execute(ThrowableCollector.java:73)
	at org.junit.jupiter.engine.descriptor.TestMethodTestDescriptor.prepare(TestMethodTestDescriptor.java:105)
	at org.junit.jupiter.engine.descriptor.TestMethodTestDescriptor.prepare(TestMethodTestDescriptor.java:69)
	at org.junit.platform.engine.support.hierarchical.NodeTestTask.lambda$prepare$2(NodeTestTask.java:123)
	at org.junit.platform.engine.support.hierarchical.ThrowableCollector.execute(ThrowableCollector.java:73)
	at org.junit.platform.engine.support.hierarchical.NodeTestTask.prepare(NodeTestTask.java:123)
	at org.junit.platform.engine.support.hierarchical.NodeTestTask.execute(NodeTestTask.java:90)
	at java.base/java.util.ArrayList.forEach(ArrayList.java:1511)
	at org.junit.platform.engine.support.hierarchical.SameThreadHierarchicalTestExecutorService.invokeAll(SameThreadHierarchicalTestExecutorService.java:41)
	at org.junit.platform.engine.support.hierarchical.NodeTestTask.lambda$executeRecursively$6(NodeTestTask.java:155)
	at org.junit.platform.engine.support.hierarchical.ThrowableCollector.execute(ThrowableCollector.java:73)
	at org.junit.platform.engine.support.hierarchical.NodeTestTask.lambda$executeRecursively$8(NodeTestTask.java:141)
	at org.junit.platform.engine.support.hierarchical.Node.around(Node.java:137)
	at org.junit.platform.engine.support.hierarchical.NodeTestTask.lambda$executeRecursively$9(NodeTestTask.java:139)
	at org.junit.platform.engine.support.hierarchical.ThrowableCollector.execute(ThrowableCollector.java:73)
	at org.junit.platform.engine.support.hierarchical.NodeTestTask.executeRecursively(NodeTestTask.java:138)
	at org.junit.platform.engine.support.hierarchical.NodeTestTask.execute(NodeTestTask.java:95)
	at java.base/java.util.ArrayList.forEach(ArrayList.java:1511)
	at org.junit.platform.engine.support.hierarchical.SameThreadHierarchicalTestExecutorService.invokeAll(SameThreadHierarchicalTestExecutorService.java:41)
	at org.junit.platform.engine.support.hierarchical.NodeTestTask.lambda$executeRecursively$6(NodeTestTask.java:155)
	at org.junit.platform.engine.support.hierarchical.ThrowableCollector.execute(ThrowableCollector.java:73)
	at org.junit.platform.engine.support.hierarchical.NodeTestTask.lambda$executeRecursively$8(NodeTestTask.java:141)
	at org.junit.platform.engine.support.hierarchical.Node.around(Node.java:137)
	at org.junit.platform.engine.support.hierarchical.NodeTestTask.lambda$executeRecursively$9(NodeTestTask.java:139)
	at org.junit.platform.engine.support.hierarchical.ThrowableCollector.execute(ThrowableCollector.java:73)
	at org.junit.platform.engine.support.hierarchical.NodeTestTask.executeRecursively(NodeTestTask.java:138)
	at org.junit.platform.engine.support.hierarchical.NodeTestTask.execute(NodeTestTask.java:95)
	at org.junit.platform.engine.support.hierarchical.SameThreadHierarchicalTestExecutorService.submit(SameThreadHierarchicalTestExecutorService.java:35)
	at org.junit.platform.engine.support.hierarchical.HierarchicalTestExecutor.execute(HierarchicalTestExecutor.java:57)
	at org.junit.platform.engine.support.hierarchical.HierarchicalTestEngine.execute(HierarchicalTestEngine.java:54)
	at org.junit.platform.launcher.core.EngineExecutionOrchestrator.execute(EngineExecutionOrchestrator.java:198)
	at org.junit.platform.launcher.core.EngineExecutionOrchestrator.execute(EngineExecutionOrchestrator.java:169)
	at org.junit.platform.launcher.core.EngineExecutionOrchestrator.execute(EngineExecutionOrchestrator.java:93)
	at org.junit.platform.launcher.core.EngineExecutionOrchestrator.lambda$execute$0(EngineExecutionOrchestrator.java:58)
	at org.junit.platform.launcher.core.EngineExecutionOrchestrator.withInterceptedStreams(EngineExecutionOrchestrator.java:141)
	at org.junit.platform.launcher.core.EngineExecutionOrchestrator.execute(EngineExecutionOrchestrator.java:57)
	at org.junit.platform.launcher.core.DefaultLauncher.execute(DefaultLauncher.java:103)
	at org.junit.platform.launcher.core.DefaultLauncher.execute(DefaultLauncher.java:94)
	at org.junit.platform.launcher.core.DelegatingLauncher.execute(DelegatingLauncher.java:52)
	at org.junit.platform.launcher.core.SessionPerRequestLauncher.execute(SessionPerRequestLauncher.java:70)
	at org.eclipse.jdt.internal.junit5.runner.JUnit5TestReference.run(JUnit5TestReference.java:100)
	at org.eclipse.jdt.internal.junit.runner.TestExecution.run(TestExecution.java:40)
	at org.eclipse.jdt.internal.junit.runner.RemoteTestRunner.runTests(RemoteTestRunner.java:529)
	at org.eclipse.jdt.internal.junit.runner.RemoteTestRunner.runTests(RemoteTestRunner.java:757)
	at org.eclipse.jdt.internal.junit.runner.RemoteTestRunner.run(RemoteTestRunner.java:452)
	at org.eclipse.jdt.internal.junit.runner.RemoteTestRunner.main(RemoteTestRunner.java:210)
Caused by: org.hibernate.service.spi.ServiceException: Unable to create requested service [org.hibernate.engine.jdbc.env.spi.JdbcEnvironment] due to: Unable to determine Dialect without JDBC metadata (please set 'jakarta.persistence.jdbc.url' for common cases or 'hibernate.dialect' when a custom Dialect implementation must be provided)
	at org.hibernate.service.internal.AbstractServiceRegistryImpl.createService(AbstractServiceRegistryImpl.java:276)
	at org.hibernate.service.internal.AbstractServiceRegistryImpl.initializeService(AbstractServiceRegistryImpl.java:238)
	at org.hibernate.service.internal.AbstractServiceRegistryImpl.getService(AbstractServiceRegistryImpl.java:215)
	at org.hibernate.boot.model.relational.Database.<init>(Database.java:45)
	at org.hibernate.boot.internal.InFlightMetadataCollectorImpl.getDatabase(InFlightMetadataCollectorImpl.java:221)
	at org.hibernate.boot.internal.InFlightMetadataCollectorImpl.<init>(InFlightMetadataCollectorImpl.java:189)
	at org.hibernate.boot.model.process.spi.MetadataBuildingProcess.complete(MetadataBuildingProcess.java:171)
	at org.hibernate.jpa.boot.internal.EntityManagerFactoryBuilderImpl.metadata(EntityManagerFactoryBuilderImpl.java:1431)
	at org.hibernate.jpa.boot.internal.EntityManagerFactoryBuilderImpl.build(EntityManagerFactoryBuilderImpl.java:1502)
	at org.springframework.orm.jpa.vendor.SpringHibernateJpaPersistenceProvider.createContainerEntityManagerFactory(SpringHibernateJpaPersistenceProvider.java:75)
	at org.springframework.orm.jpa.LocalContainerEntityManagerFactoryBean.createNativeEntityManagerFactory(LocalContainerEntityManagerFactoryBean.java:390)
	at org.springframework.orm.jpa.AbstractEntityManagerFactoryBean.buildNativeEntityManagerFactory(AbstractEntityManagerFactoryBean.java:409)
	at org.springframework.orm.jpa.AbstractEntityManagerFactoryBean.afterPropertiesSet(AbstractEntityManagerFactoryBean.java:396)
	at org.springframework.orm.jpa.LocalContainerEntityManagerFactoryBean.afterPropertiesSet(LocalContainerEntityManagerFactoryBean.java:366)
	at org.springframework.beans.factory.support.AbstractAutowireCapableBeanFactory.invokeInitMethods(AbstractAutowireCapableBeanFactory.java:1853)
	at org.springframework.beans.factory.support.AbstractAutowireCapableBeanFactory.initializeBean(AbstractAutowireCapableBeanFactory.java:1802)
	... 92 common frames omitted
Caused by: org.hibernate.HibernateException: Unable to determine Dialect without JDBC metadata (please set 'jakarta.persistence.jdbc.url' for common cases or 'hibernate.dialect' when a custom Dialect implementation must be provided)
	at org.hibernate.engine.jdbc.dialect.internal.DialectFactoryImpl.determineDialect(DialectFactoryImpl.java:191)
	at org.hibernate.engine.jdbc.dialect.internal.DialectFactoryImpl.buildDialect(DialectFactoryImpl.java:87)
	at org.hibernate.engine.jdbc.env.internal.JdbcEnvironmentInitiator.getJdbcEnvironmentWithDefaults(JdbcEnvironmentInitiator.java:153)
	at org.hibernate.engine.jdbc.env.internal.JdbcEnvironmentInitiator.getJdbcEnvironmentUsingJdbcMetadata(JdbcEnvironmentInitiator.java:364)
	at org.hibernate.engine.jdbc.env.internal.JdbcEnvironmentInitiator.initiateService(JdbcEnvironmentInitiator.java:124)
	at org.hibernate.engine.jdbc.env.internal.JdbcEnvironmentInitiator.initiateService(JdbcEnvironmentInitiator.java:78)
	at org.hibernate.boot.registry.internal.StandardServiceRegistryImpl.initiateService(StandardServiceRegistryImpl.java:130)
	at org.hibernate.service.internal.AbstractServiceRegistryImpl.createService(AbstractServiceRegistryImpl.java:263)
	... 107 common frames omitted

2024-11-08T19:32:36.872+07:00  WARN 14284 --- [RestAPIDemo] [main] o.s.test.context.TestContextManager      : Caught exception while allowing TestExecutionListener [org.springframework.test.context.web.ServletTestExecutionListener] to prepare test instance [iuh.fit.se.RestApiDemoApplicationTests@5d297d4d]

java.lang.IllegalStateException: Failed to load ApplicationContext for [WebMergedContextConfiguration@350342e0 testClass = iuh.fit.se.RestApiDemoApplicationTests, locations = [], classes = [iuh.fit.se.RestApiDemoApplication], contextInitializerClasses = [], activeProfiles = [], propertySourceDescriptors = [], propertySourceProperties = ["org.springframework.boot.test.context.SpringBootTestContextBootstrapper=true"], contextCustomizers = [org.springframework.boot.test.context.filter.ExcludeFilterContextCustomizer@1b11171f, org.springframework.boot.test.json.DuplicateJsonObjectContextCustomizerFactory$DuplicateJsonObjectContextCustomizer@4b0d79fc, org.springframework.boot.test.mock.mockito.MockitoContextCustomizer@0, org.springframework.boot.test.web.client.TestRestTemplateContextCustomizer@1ed6388a, org.springframework.boot.test.web.reactor.netty.DisableReactorResourceFactoryGlobalResourcesContextCustomizerFactory$DisableReactorResourceFactoryGlobalResourcesContextCustomizerCustomizer@537f60bf, org.springframework.boot.test.autoconfigure.actuate.observability.ObservabilityContextCustomizerFactory$DisableObservabilityContextCustomizer@1f, org.springframework.boot.test.autoconfigure.properties.PropertyMappingContextCustomizer@0, org.springframework.boot.test.autoconfigure.web.servlet.WebDriverContextCustomizer@f78a47e, org.springframework.boot.test.context.SpringBootTestAnnotation@e8edd9f2], resourceBasePath = "src/main/webapp", contextLoader = org.springframework.boot.test.context.SpringBootContextLoader, parent = null]
	at org.springframework.test.context.cache.DefaultCacheAwareContextLoaderDelegate.loadContext(DefaultCacheAwareContextLoaderDelegate.java:180)
	at org.springframework.test.context.support.DefaultTestContext.getApplicationContext(DefaultTestContext.java:130)
	at org.springframework.test.context.web.ServletTestExecutionListener.setUpRequestContextIfNecessary(ServletTestExecutionListener.java:191)
	at org.springframework.test.context.web.ServletTestExecutionListener.prepareTestInstance(ServletTestExecutionListener.java:130)
	at org.springframework.test.context.TestContextManager.prepareTestInstance(TestContextManager.java:260)
	at org.springframework.test.context.junit.jupiter.SpringExtension.postProcessTestInstance(SpringExtension.java:163)
	at org.junit.jupiter.engine.descriptor.ClassBasedTestDescriptor.lambda$invokeTestInstancePostProcessors$10(ClassBasedTestDescriptor.java:378)
	at org.junit.jupiter.engine.descriptor.ClassBasedTestDescriptor.executeAndMaskThrowable(ClassBasedTestDescriptor.java:383)
	at org.junit.jupiter.engine.descriptor.ClassBasedTestDescriptor.lambda$invokeTestInstancePostProcessors$11(ClassBasedTestDescriptor.java:378)
	at java.base/java.util.stream.ReferencePipeline$3$1.accept(ReferencePipeline.java:197)
	at java.base/java.util.stream.ReferencePipeline$2$1.accept(ReferencePipeline.java:179)
	at java.base/java.util.ArrayList$ArrayListSpliterator.forEachRemaining(ArrayList.java:1625)
	at java.base/java.util.stream.AbstractPipeline.copyInto(AbstractPipeline.java:509)
	at java.base/java.util.stream.AbstractPipeline.wrapAndCopyInto(AbstractPipeline.java:499)
	at java.base/java.util.stream.StreamSpliterators$WrappingSpliterator.forEachRemaining(StreamSpliterators.java:310)
	at java.base/java.util.stream.Streams$ConcatSpliterator.forEachRemaining(Streams.java:735)
	at java.base/java.util.stream.Streams$ConcatSpliterator.forEachRemaining(Streams.java:734)
	at java.base/java.util.stream.ReferencePipeline$Head.forEach(ReferencePipeline.java:762)
	at org.junit.jupiter.engine.descriptor.ClassBasedTestDescriptor.invokeTestInstancePostProcessors(ClassBasedTestDescriptor.java:377)
	at org.junit.jupiter.engine.descriptor.ClassBasedTestDescriptor.lambda$instantiateAndPostProcessTestInstance$6(ClassBasedTestDescriptor.java:290)
	at org.junit.platform.engine.support.hierarchical.ThrowableCollector.execute(ThrowableCollector.java:73)
	at org.junit.jupiter.engine.descriptor.ClassBasedTestDescriptor.instantiateAndPostProcessTestInstance(ClassBasedTestDescriptor.java:289)
	at org.junit.jupiter.engine.descriptor.ClassBasedTestDescriptor.lambda$testInstancesProvider$4(ClassBasedTestDescriptor.java:279)
	at java.base/java.util.Optional.orElseGet(Optional.java:364)
	at org.junit.jupiter.engine.descriptor.ClassBasedTestDescriptor.lambda$testInstancesProvider$5(ClassBasedTestDescriptor.java:278)
	at org.junit.jupiter.engine.execution.TestInstancesProvider.getTestInstances(TestInstancesProvider.java:31)
	at org.junit.jupiter.engine.descriptor.TestMethodTestDescriptor.lambda$prepare$0(TestMethodTestDescriptor.java:106)
	at org.junit.platform.engine.support.hierarchical.ThrowableCollector.execute(ThrowableCollector.java:73)
	at org.junit.jupiter.engine.descriptor.TestMethodTestDescriptor.prepare(TestMethodTestDescriptor.java:105)
	at org.junit.jupiter.engine.descriptor.TestMethodTestDescriptor.prepare(TestMethodTestDescriptor.java:69)
	at org.junit.platform.engine.support.hierarchical.NodeTestTask.lambda$prepare$2(NodeTestTask.java:123)
	at org.junit.platform.engine.support.hierarchical.ThrowableCollector.execute(ThrowableCollector.java:73)
	at org.junit.platform.engine.support.hierarchical.NodeTestTask.prepare(NodeTestTask.java:123)
	at org.junit.platform.engine.support.hierarchical.NodeTestTask.execute(NodeTestTask.java:90)
	at java.base/java.util.ArrayList.forEach(ArrayList.java:1511)
	at org.junit.platform.engine.support.hierarchical.SameThreadHierarchicalTestExecutorService.invokeAll(SameThreadHierarchicalTestExecutorService.java:41)
	at org.junit.platform.engine.support.hierarchical.NodeTestTask.lambda$executeRecursively$6(NodeTestTask.java:155)
	at org.junit.platform.engine.support.hierarchical.ThrowableCollector.execute(ThrowableCollector.java:73)
	at org.junit.platform.engine.support.hierarchical.NodeTestTask.lambda$executeRecursively$8(NodeTestTask.java:141)
	at org.junit.platform.engine.support.hierarchical.Node.around(Node.java:137)
	at org.junit.platform.engine.support.hierarchical.NodeTestTask.lambda$executeRecursively$9(NodeTestTask.java:139)
	at org.junit.platform.engine.support.hierarchical.ThrowableCollector.execute(ThrowableCollector.java:73)
	at org.junit.platform.engine.support.hierarchical.NodeTestTask.executeRecursively(NodeTestTask.java:138)
	at org.junit.platform.engine.support.hierarchical.NodeTestTask.execute(NodeTestTask.java:95)
	at java.base/java.util.ArrayList.forEach(ArrayList.java:1511)
	at org.junit.platform.engine.support.hierarchical.SameThreadHierarchicalTestExecutorService.invokeAll(SameThreadHierarchicalTestExecutorService.java:41)
	at org.junit.platform.engine.support.hierarchical.NodeTestTask.lambda$executeRecursively$6(NodeTestTask.java:155)
	at org.junit.platform.engine.support.hierarchical.ThrowableCollector.execute(ThrowableCollector.java:73)
	at org.junit.platform.engine.support.hierarchical.NodeTestTask.lambda$executeRecursively$8(NodeTestTask.java:141)
	at org.junit.platform.engine.support.hierarchical.Node.around(Node.java:137)
	at org.junit.platform.engine.support.hierarchical.NodeTestTask.lambda$executeRecursively$9(NodeTestTask.java:139)
	at org.junit.platform.engine.support.hierarchical.ThrowableCollector.execute(ThrowableCollector.java:73)
	at org.junit.platform.engine.support.hierarchical.NodeTestTask.executeRecursively(NodeTestTask.java:138)
	at org.junit.platform.engine.support.hierarchical.NodeTestTask.execute(NodeTestTask.java:95)
	at org.junit.platform.engine.support.hierarchical.SameThreadHierarchicalTestExecutorService.submit(SameThreadHierarchicalTestExecutorService.java:35)
	at org.junit.platform.engine.support.hierarchical.HierarchicalTestExecutor.execute(HierarchicalTestExecutor.java:57)
	at org.junit.platform.engine.support.hierarchical.HierarchicalTestEngine.execute(HierarchicalTestEngine.java:54)
	at org.junit.platform.launcher.core.EngineExecutionOrchestrator.execute(EngineExecutionOrchestrator.java:198)
	at org.junit.platform.launcher.core.EngineExecutionOrchestrator.execute(EngineExecutionOrchestrator.java:169)
	at org.junit.platform.launcher.core.EngineExecutionOrchestrator.execute(EngineExecutionOrchestrator.java:93)
	at org.junit.platform.launcher.core.EngineExecutionOrchestrator.lambda$execute$0(EngineExecutionOrchestrator.java:58)
	at org.junit.platform.launcher.core.EngineExecutionOrchestrator.withInterceptedStreams(EngineExecutionOrchestrator.java:141)
	at org.junit.platform.launcher.core.EngineExecutionOrchestrator.execute(EngineExecutionOrchestrator.java:57)
	at org.junit.platform.launcher.core.DefaultLauncher.execute(DefaultLauncher.java:103)
	at org.junit.platform.launcher.core.DefaultLauncher.execute(DefaultLauncher.java:94)
	at org.junit.platform.launcher.core.DelegatingLauncher.execute(DelegatingLauncher.java:52)
	at org.junit.platform.launcher.core.SessionPerRequestLauncher.execute(SessionPerRequestLauncher.java:70)
	at org.eclipse.jdt.internal.junit5.runner.JUnit5TestReference.run(JUnit5TestReference.java:100)
	at org.eclipse.jdt.internal.junit.runner.TestExecution.run(TestExecution.java:40)
	at org.eclipse.jdt.internal.junit.runner.RemoteTestRunner.runTests(RemoteTestRunner.java:529)
	at org.eclipse.jdt.internal.junit.runner.RemoteTestRunner.runTests(RemoteTestRunner.java:757)
	at org.eclipse.jdt.internal.junit.runner.RemoteTestRunner.run(RemoteTestRunner.java:452)
	at org.eclipse.jdt.internal.junit.runner.RemoteTestRunner.main(RemoteTestRunner.java:210)
Caused by: org.springframework.beans.factory.BeanCreationException: Error creating bean with name 'entityManagerFactory' defined in class path resource [org/springframework/boot/autoconfigure/orm/jpa/HibernateJpaConfiguration.class]: Unable to create requested service [org.hibernate.engine.jdbc.env.spi.JdbcEnvironment] due to: Unable to determine Dialect without JDBC metadata (please set 'jakarta.persistence.jdbc.url' for common cases or 'hibernate.dialect' when a custom Dialect implementation must be provided)
	at org.springframework.beans.factory.support.AbstractAutowireCapableBeanFactory.initializeBean(AbstractAutowireCapableBeanFactory.java:1806)
	at org.springframework.beans.factory.support.AbstractAutowireCapableBeanFactory.doCreateBean(AbstractAutowireCapableBeanFactory.java:600)
	at org.springframework.beans.factory.support.AbstractAutowireCapableBeanFactory.createBean(AbstractAutowireCapableBeanFactory.java:522)
	at org.springframework.beans.factory.support.AbstractBeanFactory.lambda$doGetBean$0(AbstractBeanFactory.java:337)
	at org.springframework.beans.factory.support.DefaultSingletonBeanRegistry.getSingleton(DefaultSingletonBeanRegistry.java:234)
	at org.springframework.beans.factory.support.AbstractBeanFactory.doGetBean(AbstractBeanFactory.java:335)
	at org.springframework.beans.factory.support.AbstractBeanFactory.getBean(AbstractBeanFactory.java:205)
	at org.springframework.context.support.AbstractApplicationContext.finishBeanFactoryInitialization(AbstractApplicationContext.java:954)
	at org.springframework.context.support.AbstractApplicationContext.refresh(AbstractApplicationContext.java:625)
	at org.springframework.boot.SpringApplication.refresh(SpringApplication.java:754)
	at org.springframework.boot.SpringApplication.refreshContext(SpringApplication.java:456)
	at org.springframework.boot.SpringApplication.run(SpringApplication.java:335)
	at org.springframework.boot.test.context.SpringBootContextLoader.lambda$loadContext$3(SpringBootContextLoader.java:137)
	at org.springframework.util.function.ThrowingSupplier.get(ThrowingSupplier.java:58)
	at org.springframework.util.function.ThrowingSupplier.get(ThrowingSupplier.java:46)
	at org.springframework.boot.SpringApplication.withHook(SpringApplication.java:1463)
	at org.springframework.boot.test.context.SpringBootContextLoader$ContextLoaderHook.run(SpringBootContextLoader.java:553)
	at org.springframework.boot.test.context.SpringBootContextLoader.loadContext(SpringBootContextLoader.java:137)
	at org.springframework.boot.test.context.SpringBootContextLoader.loadContext(SpringBootContextLoader.java:108)
	at org.springframework.test.context.cache.DefaultCacheAwareContextLoaderDelegate.loadContextInternal(DefaultCacheAwareContextLoaderDelegate.java:225)
	at org.springframework.test.context.cache.DefaultCacheAwareContextLoaderDelegate.loadContext(DefaultCacheAwareContextLoaderDelegate.java:152)
	... 72 common frames omitted
Caused by: org.hibernate.service.spi.ServiceException: Unable to create requested service [org.hibernate.engine.jdbc.env.spi.JdbcEnvironment] due to: Unable to determine Dialect without JDBC metadata (please set 'jakarta.persistence.jdbc.url' for common cases or 'hibernate.dialect' when a custom Dialect implementation must be provided)
	at org.hibernate.service.internal.AbstractServiceRegistryImpl.createService(AbstractServiceRegistryImpl.java:276)
	at org.hibernate.service.internal.AbstractServiceRegistryImpl.initializeService(AbstractServiceRegistryImpl.java:238)
	at org.hibernate.service.internal.AbstractServiceRegistryImpl.getService(AbstractServiceRegistryImpl.java:215)
	at org.hibernate.boot.model.relational.Database.<init>(Database.java:45)
	at org.hibernate.boot.internal.InFlightMetadataCollectorImpl.getDatabase(InFlightMetadataCollectorImpl.java:221)
	at org.hibernate.boot.internal.InFlightMetadataCollectorImpl.<init>(InFlightMetadataCollectorImpl.java:189)
	at org.hibernate.boot.model.process.spi.MetadataBuildingProcess.complete(MetadataBuildingProcess.java:171)
	at org.hibernate.jpa.boot.internal.EntityManagerFactoryBuilderImpl.metadata(EntityManagerFactoryBuilderImpl.java:1431)
	at org.hibernate.jpa.boot.internal.EntityManagerFactoryBuilderImpl.build(EntityManagerFactoryBuilderImpl.java:1502)
	at org.springframework.orm.jpa.vendor.SpringHibernateJpaPersistenceProvider.createContainerEntityManagerFactory(SpringHibernateJpaPersistenceProvider.java:75)
	at org.springframework.orm.jpa.LocalContainerEntityManagerFactoryBean.createNativeEntityManagerFactory(LocalContainerEntityManagerFactoryBean.java:390)
	at org.springframework.orm.jpa.AbstractEntityManagerFactoryBean.buildNativeEntityManagerFactory(AbstractEntityManagerFactoryBean.java:409)
	at org.springframework.orm.jpa.AbstractEntityManagerFactoryBean.afterPropertiesSet(AbstractEntityManagerFactoryBean.java:396)
	at org.springframework.orm.jpa.LocalContainerEntityManagerFactoryBean.afterPropertiesSet(LocalContainerEntityManagerFactoryBean.java:366)
	at org.springframework.beans.factory.support.AbstractAutowireCapableBeanFactory.invokeInitMethods(AbstractAutowireCapableBeanFactory.java:1853)
	at org.springframework.beans.factory.support.AbstractAutowireCapableBeanFactory.initializeBean(AbstractAutowireCapableBeanFactory.java:1802)
	... 92 common frames omitted
Caused by: org.hibernate.HibernateException: Unable to determine Dialect without JDBC metadata (please set 'jakarta.persistence.jdbc.url' for common cases or 'hibernate.dialect' when a custom Dialect implementation must be provided)
	at org.hibernate.engine.jdbc.dialect.internal.DialectFactoryImpl.determineDialect(DialectFactoryImpl.java:191)
	at org.hibernate.engine.jdbc.dialect.internal.DialectFactoryImpl.buildDialect(DialectFactoryImpl.java:87)
	at org.hibernate.engine.jdbc.env.internal.JdbcEnvironmentInitiator.getJdbcEnvironmentWithDefaults(JdbcEnvironmentInitiator.java:153)
	at org.hibernate.engine.jdbc.env.internal.JdbcEnvironmentInitiator.getJdbcEnvironmentUsingJdbcMetadata(JdbcEnvironmentInitiator.java:364)
	at org.hibernate.engine.jdbc.env.internal.JdbcEnvironmentInitiator.initiateService(JdbcEnvironmentInitiator.java:124)
	at org.hibernate.engine.jdbc.env.internal.JdbcEnvironmentInitiator.initiateService(JdbcEnvironmentInitiator.java:78)
	at org.hibernate.boot.registry.internal.StandardServiceRegistryImpl.initiateService(StandardServiceRegistryImpl.java:130)
	at org.hibernate.service.internal.AbstractServiceRegistryImpl.createService(AbstractServiceRegistryImpl.java:263)
	... 107 common frames omitted

2024-11-08T19:44:38.592+07:00  INFO 18604 --- [RestAPIDemo] [restartedMain] iuh.fit.se.RestApiDemoApplication        : Starting RestApiDemoApplication using Java 17.0.11 with PID 18604 (D:\WWW\RestAPIDemoHasDTO\target\classes started by ThanhDinh in D:\WWW\RestAPIDemoHasDTO)
2024-11-08T19:44:38.595+07:00  INFO 18604 --- [RestAPIDemo] [restartedMain] iuh.fit.se.RestApiDemoApplication        : No active profile set, falling back to 1 default profile: "default"
2024-11-08T19:44:38.678+07:00  INFO 18604 --- [RestAPIDemo] [restartedMain] .e.DevToolsPropertyDefaultsPostProcessor : Devtools property defaults active! Set 'spring.devtools.add-properties' to 'false' to disable
2024-11-08T19:44:38.679+07:00  INFO 18604 --- [RestAPIDemo] [restartedMain] .e.DevToolsPropertyDefaultsPostProcessor : For additional web related logging consider setting the 'logging.level.web' property to 'DEBUG'
2024-11-08T19:44:40.012+07:00  INFO 18604 --- [RestAPIDemo] [restartedMain] .s.d.r.c.RepositoryConfigurationDelegate : Bootstrapping Spring Data JPA repositories in DEFAULT mode.
2024-11-08T19:44:40.118+07:00  INFO 18604 --- [RestAPIDemo] [restartedMain] .s.d.r.c.RepositoryConfigurationDelegate : Finished Spring Data repository scanning in 93 ms. Found 2 JPA repository interfaces.
2024-11-08T19:44:41.106+07:00  INFO 18604 --- [RestAPIDemo] [restartedMain] o.s.b.w.embedded.tomcat.TomcatWebServer  : Tomcat initialized with port 9998 (http)
2024-11-08T19:44:41.135+07:00  INFO 18604 --- [RestAPIDemo] [restartedMain] o.apache.catalina.core.StandardService   : Starting service [Tomcat]
2024-11-08T19:44:41.135+07:00  INFO 18604 --- [RestAPIDemo] [restartedMain] o.apache.catalina.core.StandardEngine    : Starting Servlet engine: [Apache Tomcat/10.1.30]
2024-11-08T19:44:41.270+07:00  INFO 18604 --- [RestAPIDemo] [restartedMain] o.a.c.c.C.[Tomcat].[localhost].[/]       : Initializing Spring embedded WebApplicationContext
2024-11-08T19:44:41.271+07:00  INFO 18604 --- [RestAPIDemo] [restartedMain] w.s.c.ServletWebServerApplicationContext : Root WebApplicationContext: initialization completed in 2591 ms
2024-11-08T19:44:42.140+07:00  INFO 18604 --- [RestAPIDemo] [restartedMain] o.s.o.j.p.SpringPersistenceUnitInfo      : No LoadTimeWeaver setup: ignoring JPA class transformer
2024-11-08T19:44:42.199+07:00  INFO 18604 --- [RestAPIDemo] [restartedMain] com.zaxxer.hikari.HikariDataSource       : HikariPool-1 - Starting...
2024-11-08T19:44:42.485+07:00  WARN 18604 --- [RestAPIDemo] [restartedMain] o.m.jdbc.message.server.ErrorPacket      : Error: 1045-28000: Access denied for user 'root'@'localhost' (using password: YES)
2024-11-08T19:44:43.490+07:00 ERROR 18604 --- [RestAPIDemo] [restartedMain] o.h.engine.jdbc.spi.SqlExceptionHelper   : (conn=5) Access denied for user 'root'@'localhost' (using password: YES)
2024-11-08T19:44:43.492+07:00 ERROR 18604 --- [RestAPIDemo] [restartedMain] j.LocalContainerEntityManagerFactoryBean : Failed to initialize JPA EntityManagerFactory: Unable to create requested service [org.hibernate.engine.jdbc.env.spi.JdbcEnvironment] due to: Unable to determine Dialect without JDBC metadata (please set 'jakarta.persistence.jdbc.url' for common cases or 'hibernate.dialect' when a custom Dialect implementation must be provided)
2024-11-08T19:44:43.493+07:00  WARN 18604 --- [RestAPIDemo] [restartedMain] ConfigServletWebServerApplicationContext : Exception encountered during context initialization - cancelling refresh attempt: org.springframework.beans.factory.BeanCreationException: Error creating bean with name 'entityManagerFactory' defined in class path resource [org/springframework/boot/autoconfigure/orm/jpa/HibernateJpaConfiguration.class]: Unable to create requested service [org.hibernate.engine.jdbc.env.spi.JdbcEnvironment] due to: Unable to determine Dialect without JDBC metadata (please set 'jakarta.persistence.jdbc.url' for common cases or 'hibernate.dialect' when a custom Dialect implementation must be provided)
2024-11-08T19:44:43.498+07:00  INFO 18604 --- [RestAPIDemo] [restartedMain] o.apache.catalina.core.StandardService   : Stopping service [Tomcat]
2024-11-08T19:44:43.520+07:00  INFO 18604 --- [RestAPIDemo] [restartedMain] .s.b.a.l.ConditionEvaluationReportLogger : 

Error starting ApplicationContext. To display the condition evaluation report re-run your application with 'debug' enabled.
2024-11-08T19:44:43.558+07:00 ERROR 18604 --- [RestAPIDemo] [restartedMain] o.s.boot.SpringApplication               : Application run failed

org.springframework.beans.factory.BeanCreationException: Error creating bean with name 'entityManagerFactory' defined in class path resource [org/springframework/boot/autoconfigure/orm/jpa/HibernateJpaConfiguration.class]: Unable to create requested service [org.hibernate.engine.jdbc.env.spi.JdbcEnvironment] due to: Unable to determine Dialect without JDBC metadata (please set 'jakarta.persistence.jdbc.url' for common cases or 'hibernate.dialect' when a custom Dialect implementation must be provided)
	at org.springframework.beans.factory.support.AbstractAutowireCapableBeanFactory.initializeBean(AbstractAutowireCapableBeanFactory.java:1806)
	at org.springframework.beans.factory.support.AbstractAutowireCapableBeanFactory.doCreateBean(AbstractAutowireCapableBeanFactory.java:600)
	at org.springframework.beans.factory.support.AbstractAutowireCapableBeanFactory.createBean(AbstractAutowireCapableBeanFactory.java:522)
	at org.springframework.beans.factory.support.AbstractBeanFactory.lambda$doGetBean$0(AbstractBeanFactory.java:337)
	at org.springframework.beans.factory.support.DefaultSingletonBeanRegistry.getSingleton(DefaultSingletonBeanRegistry.java:234)
	at org.springframework.beans.factory.support.AbstractBeanFactory.doGetBean(AbstractBeanFactory.java:335)
	at org.springframework.beans.factory.support.AbstractBeanFactory.getBean(AbstractBeanFactory.java:205)
	at org.springframework.context.support.AbstractApplicationContext.finishBeanFactoryInitialization(AbstractApplicationContext.java:954)
	at org.springframework.context.support.AbstractApplicationContext.refresh(AbstractApplicationContext.java:625)
	at org.springframework.boot.web.servlet.context.ServletWebServerApplicationContext.refresh(ServletWebServerApplicationContext.java:146)
	at org.springframework.boot.SpringApplication.refresh(SpringApplication.java:754)
	at org.springframework.boot.SpringApplication.refreshContext(SpringApplication.java:456)
	at org.springframework.boot.SpringApplication.run(SpringApplication.java:335)
	at org.springframework.boot.SpringApplication.run(SpringApplication.java:1363)
	at org.springframework.boot.SpringApplication.run(SpringApplication.java:1352)
	at iuh.fit.se.RestApiDemoApplication.main(RestApiDemoApplication.java:17)
	at java.base/jdk.internal.reflect.NativeMethodAccessorImpl.invoke0(Native Method)
	at java.base/jdk.internal.reflect.NativeMethodAccessorImpl.invoke(NativeMethodAccessorImpl.java:77)
	at java.base/jdk.internal.reflect.DelegatingMethodAccessorImpl.invoke(DelegatingMethodAccessorImpl.java:43)
	at java.base/java.lang.reflect.Method.invoke(Method.java:568)
	at org.springframework.boot.devtools.restart.RestartLauncher.run(RestartLauncher.java:50)
Caused by: org.hibernate.service.spi.ServiceException: Unable to create requested service [org.hibernate.engine.jdbc.env.spi.JdbcEnvironment] due to: Unable to determine Dialect without JDBC metadata (please set 'jakarta.persistence.jdbc.url' for common cases or 'hibernate.dialect' when a custom Dialect implementation must be provided)
	at org.hibernate.service.internal.AbstractServiceRegistryImpl.createService(AbstractServiceRegistryImpl.java:276)
	at org.hibernate.service.internal.AbstractServiceRegistryImpl.initializeService(AbstractServiceRegistryImpl.java:238)
	at org.hibernate.service.internal.AbstractServiceRegistryImpl.getService(AbstractServiceRegistryImpl.java:215)
	at org.hibernate.boot.model.relational.Database.<init>(Database.java:45)
	at org.hibernate.boot.internal.InFlightMetadataCollectorImpl.getDatabase(InFlightMetadataCollectorImpl.java:221)
	at org.hibernate.boot.internal.InFlightMetadataCollectorImpl.<init>(InFlightMetadataCollectorImpl.java:189)
	at org.hibernate.boot.model.process.spi.MetadataBuildingProcess.complete(MetadataBuildingProcess.java:171)
	at org.hibernate.jpa.boot.internal.EntityManagerFactoryBuilderImpl.metadata(EntityManagerFactoryBuilderImpl.java:1431)
	at org.hibernate.jpa.boot.internal.EntityManagerFactoryBuilderImpl.build(EntityManagerFactoryBuilderImpl.java:1502)
	at org.springframework.orm.jpa.vendor.SpringHibernateJpaPersistenceProvider.createContainerEntityManagerFactory(SpringHibernateJpaPersistenceProvider.java:75)
	at org.springframework.orm.jpa.LocalContainerEntityManagerFactoryBean.createNativeEntityManagerFactory(LocalContainerEntityManagerFactoryBean.java:390)
	at org.springframework.orm.jpa.AbstractEntityManagerFactoryBean.buildNativeEntityManagerFactory(AbstractEntityManagerFactoryBean.java:409)
	at org.springframework.orm.jpa.AbstractEntityManagerFactoryBean.afterPropertiesSet(AbstractEntityManagerFactoryBean.java:396)
	at org.springframework.orm.jpa.LocalContainerEntityManagerFactoryBean.afterPropertiesSet(LocalContainerEntityManagerFactoryBean.java:366)
	at org.springframework.beans.factory.support.AbstractAutowireCapableBeanFactory.invokeInitMethods(AbstractAutowireCapableBeanFactory.java:1853)
	at org.springframework.beans.factory.support.AbstractAutowireCapableBeanFactory.initializeBean(AbstractAutowireCapableBeanFactory.java:1802)
	... 20 common frames omitted
Caused by: org.hibernate.HibernateException: Unable to determine Dialect without JDBC metadata (please set 'jakarta.persistence.jdbc.url' for common cases or 'hibernate.dialect' when a custom Dialect implementation must be provided)
	at org.hibernate.engine.jdbc.dialect.internal.DialectFactoryImpl.determineDialect(DialectFactoryImpl.java:191)
	at org.hibernate.engine.jdbc.dialect.internal.DialectFactoryImpl.buildDialect(DialectFactoryImpl.java:87)
	at org.hibernate.engine.jdbc.env.internal.JdbcEnvironmentInitiator.getJdbcEnvironmentWithDefaults(JdbcEnvironmentInitiator.java:153)
	at org.hibernate.engine.jdbc.env.internal.JdbcEnvironmentInitiator.getJdbcEnvironmentUsingJdbcMetadata(JdbcEnvironmentInitiator.java:364)
	at org.hibernate.engine.jdbc.env.internal.JdbcEnvironmentInitiator.initiateService(JdbcEnvironmentInitiator.java:124)
	at org.hibernate.engine.jdbc.env.internal.JdbcEnvironmentInitiator.initiateService(JdbcEnvironmentInitiator.java:78)
	at org.hibernate.boot.registry.internal.StandardServiceRegistryImpl.initiateService(StandardServiceRegistryImpl.java:130)
	at org.hibernate.service.internal.AbstractServiceRegistryImpl.createService(AbstractServiceRegistryImpl.java:263)
	... 35 common frames omitted

2024-11-08T19:47:19.104+07:00  INFO 1780 --- [RestAPIDemo] [restartedMain] iuh.fit.se.RestApiDemoApplication        : Starting RestApiDemoApplication using Java 17.0.11 with PID 1780 (D:\WWW\RestAPIDemoHasDTO\target\classes started by ThanhDinh in D:\WWW\RestAPIDemoHasDTO)
2024-11-08T19:47:19.108+07:00  INFO 1780 --- [RestAPIDemo] [restartedMain] iuh.fit.se.RestApiDemoApplication        : No active profile set, falling back to 1 default profile: "default"
2024-11-08T19:47:19.186+07:00  INFO 1780 --- [RestAPIDemo] [restartedMain] .e.DevToolsPropertyDefaultsPostProcessor : Devtools property defaults active! Set 'spring.devtools.add-properties' to 'false' to disable
2024-11-08T19:47:19.187+07:00  INFO 1780 --- [RestAPIDemo] [restartedMain] .e.DevToolsPropertyDefaultsPostProcessor : For additional web related logging consider setting the 'logging.level.web' property to 'DEBUG'
2024-11-08T19:47:20.518+07:00  INFO 1780 --- [RestAPIDemo] [restartedMain] .s.d.r.c.RepositoryConfigurationDelegate : Bootstrapping Spring Data JPA repositories in DEFAULT mode.
2024-11-08T19:47:20.613+07:00  INFO 1780 --- [RestAPIDemo] [restartedMain] .s.d.r.c.RepositoryConfigurationDelegate : Finished Spring Data repository scanning in 84 ms. Found 2 JPA repository interfaces.
2024-11-08T19:47:21.600+07:00  INFO 1780 --- [RestAPIDemo] [restartedMain] o.s.b.w.embedded.tomcat.TomcatWebServer  : Tomcat initialized with port 9998 (http)
2024-11-08T19:47:21.621+07:00  INFO 1780 --- [RestAPIDemo] [restartedMain] o.apache.catalina.core.StandardService   : Starting service [Tomcat]
2024-11-08T19:47:21.623+07:00  INFO 1780 --- [RestAPIDemo] [restartedMain] o.apache.catalina.core.StandardEngine    : Starting Servlet engine: [Apache Tomcat/10.1.30]
2024-11-08T19:47:21.719+07:00  INFO 1780 --- [RestAPIDemo] [restartedMain] o.a.c.c.C.[Tomcat].[localhost].[/]       : Initializing Spring embedded WebApplicationContext
2024-11-08T19:47:21.720+07:00  INFO 1780 --- [RestAPIDemo] [restartedMain] w.s.c.ServletWebServerApplicationContext : Root WebApplicationContext: initialization completed in 2532 ms
2024-11-08T19:47:22.542+07:00  INFO 1780 --- [RestAPIDemo] [restartedMain] o.s.o.j.p.SpringPersistenceUnitInfo      : No LoadTimeWeaver setup: ignoring JPA class transformer
2024-11-08T19:47:22.596+07:00  INFO 1780 --- [RestAPIDemo] [restartedMain] com.zaxxer.hikari.HikariDataSource       : HikariPool-1 - Starting...
2024-11-08T19:47:22.904+07:00  WARN 1780 --- [RestAPIDemo] [restartedMain] o.m.jdbc.message.server.ErrorPacket      : Error: 1045-28000: Access denied for user 'root'@'localhost' (using password: YES)
2024-11-08T19:47:23.924+07:00 ERROR 1780 --- [RestAPIDemo] [restartedMain] o.h.engine.jdbc.spi.SqlExceptionHelper   : (conn=6) Access denied for user 'root'@'localhost' (using password: YES)
2024-11-08T19:47:23.926+07:00 ERROR 1780 --- [RestAPIDemo] [restartedMain] j.LocalContainerEntityManagerFactoryBean : Failed to initialize JPA EntityManagerFactory: Unable to create requested service [org.hibernate.engine.jdbc.env.spi.JdbcEnvironment] due to: Unable to determine Dialect without JDBC metadata (please set 'jakarta.persistence.jdbc.url' for common cases or 'hibernate.dialect' when a custom Dialect implementation must be provided)
2024-11-08T19:47:23.928+07:00  WARN 1780 --- [RestAPIDemo] [restartedMain] ConfigServletWebServerApplicationContext : Exception encountered during context initialization - cancelling refresh attempt: org.springframework.beans.factory.BeanCreationException: Error creating bean with name 'entityManagerFactory' defined in class path resource [org/springframework/boot/autoconfigure/orm/jpa/HibernateJpaConfiguration.class]: Unable to create requested service [org.hibernate.engine.jdbc.env.spi.JdbcEnvironment] due to: Unable to determine Dialect without JDBC metadata (please set 'jakarta.persistence.jdbc.url' for common cases or 'hibernate.dialect' when a custom Dialect implementation must be provided)
2024-11-08T19:47:23.935+07:00  INFO 1780 --- [RestAPIDemo] [restartedMain] o.apache.catalina.core.StandardService   : Stopping service [Tomcat]
2024-11-08T19:47:23.964+07:00  INFO 1780 --- [RestAPIDemo] [restartedMain] .s.b.a.l.ConditionEvaluationReportLogger : 

Error starting ApplicationContext. To display the condition evaluation report re-run your application with 'debug' enabled.
2024-11-08T19:47:24.008+07:00 ERROR 1780 --- [RestAPIDemo] [restartedMain] o.s.boot.SpringApplication               : Application run failed

org.springframework.beans.factory.BeanCreationException: Error creating bean with name 'entityManagerFactory' defined in class path resource [org/springframework/boot/autoconfigure/orm/jpa/HibernateJpaConfiguration.class]: Unable to create requested service [org.hibernate.engine.jdbc.env.spi.JdbcEnvironment] due to: Unable to determine Dialect without JDBC metadata (please set 'jakarta.persistence.jdbc.url' for common cases or 'hibernate.dialect' when a custom Dialect implementation must be provided)
	at org.springframework.beans.factory.support.AbstractAutowireCapableBeanFactory.initializeBean(AbstractAutowireCapableBeanFactory.java:1806)
	at org.springframework.beans.factory.support.AbstractAutowireCapableBeanFactory.doCreateBean(AbstractAutowireCapableBeanFactory.java:600)
	at org.springframework.beans.factory.support.AbstractAutowireCapableBeanFactory.createBean(AbstractAutowireCapableBeanFactory.java:522)
	at org.springframework.beans.factory.support.AbstractBeanFactory.lambda$doGetBean$0(AbstractBeanFactory.java:337)
	at org.springframework.beans.factory.support.DefaultSingletonBeanRegistry.getSingleton(DefaultSingletonBeanRegistry.java:234)
	at org.springframework.beans.factory.support.AbstractBeanFactory.doGetBean(AbstractBeanFactory.java:335)
	at org.springframework.beans.factory.support.AbstractBeanFactory.getBean(AbstractBeanFactory.java:205)
	at org.springframework.context.support.AbstractApplicationContext.finishBeanFactoryInitialization(AbstractApplicationContext.java:954)
	at org.springframework.context.support.AbstractApplicationContext.refresh(AbstractApplicationContext.java:625)
	at org.springframework.boot.web.servlet.context.ServletWebServerApplicationContext.refresh(ServletWebServerApplicationContext.java:146)
	at org.springframework.boot.SpringApplication.refresh(SpringApplication.java:754)
	at org.springframework.boot.SpringApplication.refreshContext(SpringApplication.java:456)
	at org.springframework.boot.SpringApplication.run(SpringApplication.java:335)
	at org.springframework.boot.SpringApplication.run(SpringApplication.java:1363)
	at org.springframework.boot.SpringApplication.run(SpringApplication.java:1352)
	at iuh.fit.se.RestApiDemoApplication.main(RestApiDemoApplication.java:17)
	at java.base/jdk.internal.reflect.NativeMethodAccessorImpl.invoke0(Native Method)
	at java.base/jdk.internal.reflect.NativeMethodAccessorImpl.invoke(NativeMethodAccessorImpl.java:77)
	at java.base/jdk.internal.reflect.DelegatingMethodAccessorImpl.invoke(DelegatingMethodAccessorImpl.java:43)
	at java.base/java.lang.reflect.Method.invoke(Method.java:568)
	at org.springframework.boot.devtools.restart.RestartLauncher.run(RestartLauncher.java:50)
Caused by: org.hibernate.service.spi.ServiceException: Unable to create requested service [org.hibernate.engine.jdbc.env.spi.JdbcEnvironment] due to: Unable to determine Dialect without JDBC metadata (please set 'jakarta.persistence.jdbc.url' for common cases or 'hibernate.dialect' when a custom Dialect implementation must be provided)
	at org.hibernate.service.internal.AbstractServiceRegistryImpl.createService(AbstractServiceRegistryImpl.java:276)
	at org.hibernate.service.internal.AbstractServiceRegistryImpl.initializeService(AbstractServiceRegistryImpl.java:238)
	at org.hibernate.service.internal.AbstractServiceRegistryImpl.getService(AbstractServiceRegistryImpl.java:215)
	at org.hibernate.boot.model.relational.Database.<init>(Database.java:45)
	at org.hibernate.boot.internal.InFlightMetadataCollectorImpl.getDatabase(InFlightMetadataCollectorImpl.java:221)
	at org.hibernate.boot.internal.InFlightMetadataCollectorImpl.<init>(InFlightMetadataCollectorImpl.java:189)
	at org.hibernate.boot.model.process.spi.MetadataBuildingProcess.complete(MetadataBuildingProcess.java:171)
	at org.hibernate.jpa.boot.internal.EntityManagerFactoryBuilderImpl.metadata(EntityManagerFactoryBuilderImpl.java:1431)
	at org.hibernate.jpa.boot.internal.EntityManagerFactoryBuilderImpl.build(EntityManagerFactoryBuilderImpl.java:1502)
	at org.springframework.orm.jpa.vendor.SpringHibernateJpaPersistenceProvider.createContainerEntityManagerFactory(SpringHibernateJpaPersistenceProvider.java:75)
	at org.springframework.orm.jpa.LocalContainerEntityManagerFactoryBean.createNativeEntityManagerFactory(LocalContainerEntityManagerFactoryBean.java:390)
	at org.springframework.orm.jpa.AbstractEntityManagerFactoryBean.buildNativeEntityManagerFactory(AbstractEntityManagerFactoryBean.java:409)
	at org.springframework.orm.jpa.AbstractEntityManagerFactoryBean.afterPropertiesSet(AbstractEntityManagerFactoryBean.java:396)
	at org.springframework.orm.jpa.LocalContainerEntityManagerFactoryBean.afterPropertiesSet(LocalContainerEntityManagerFactoryBean.java:366)
	at org.springframework.beans.factory.support.AbstractAutowireCapableBeanFactory.invokeInitMethods(AbstractAutowireCapableBeanFactory.java:1853)
	at org.springframework.beans.factory.support.AbstractAutowireCapableBeanFactory.initializeBean(AbstractAutowireCapableBeanFactory.java:1802)
	... 20 common frames omitted
Caused by: org.hibernate.HibernateException: Unable to determine Dialect without JDBC metadata (please set 'jakarta.persistence.jdbc.url' for common cases or 'hibernate.dialect' when a custom Dialect implementation must be provided)
	at org.hibernate.engine.jdbc.dialect.internal.DialectFactoryImpl.determineDialect(DialectFactoryImpl.java:191)
	at org.hibernate.engine.jdbc.dialect.internal.DialectFactoryImpl.buildDialect(DialectFactoryImpl.java:87)
	at org.hibernate.engine.jdbc.env.internal.JdbcEnvironmentInitiator.getJdbcEnvironmentWithDefaults(JdbcEnvironmentInitiator.java:153)
	at org.hibernate.engine.jdbc.env.internal.JdbcEnvironmentInitiator.getJdbcEnvironmentUsingJdbcMetadata(JdbcEnvironmentInitiator.java:364)
	at org.hibernate.engine.jdbc.env.internal.JdbcEnvironmentInitiator.initiateService(JdbcEnvironmentInitiator.java:124)
	at org.hibernate.engine.jdbc.env.internal.JdbcEnvironmentInitiator.initiateService(JdbcEnvironmentInitiator.java:78)
	at org.hibernate.boot.registry.internal.StandardServiceRegistryImpl.initiateService(StandardServiceRegistryImpl.java:130)
	at org.hibernate.service.internal.AbstractServiceRegistryImpl.createService(AbstractServiceRegistryImpl.java:263)
	... 35 common frames omitted

2024-11-08T19:49:23.102+07:00  INFO 19556 --- [RestAPIDemo] [restartedMain] iuh.fit.se.RestApiDemoApplication        : Starting RestApiDemoApplication using Java 17.0.11 with PID 19556 (D:\WWW\RestAPIDemoHasDTO\target\classes started by ThanhDinh in D:\WWW\RestAPIDemoHasDTO)
2024-11-08T19:49:23.105+07:00  INFO 19556 --- [RestAPIDemo] [restartedMain] iuh.fit.se.RestApiDemoApplication        : No active profile set, falling back to 1 default profile: "default"
2024-11-08T19:49:23.174+07:00  INFO 19556 --- [RestAPIDemo] [restartedMain] .e.DevToolsPropertyDefaultsPostProcessor : Devtools property defaults active! Set 'spring.devtools.add-properties' to 'false' to disable
2024-11-08T19:49:23.175+07:00  INFO 19556 --- [RestAPIDemo] [restartedMain] .e.DevToolsPropertyDefaultsPostProcessor : For additional web related logging consider setting the 'logging.level.web' property to 'DEBUG'
2024-11-08T19:49:24.477+07:00  INFO 19556 --- [RestAPIDemo] [restartedMain] .s.d.r.c.RepositoryConfigurationDelegate : Bootstrapping Spring Data JPA repositories in DEFAULT mode.
2024-11-08T19:49:24.572+07:00  INFO 19556 --- [RestAPIDemo] [restartedMain] .s.d.r.c.RepositoryConfigurationDelegate : Finished Spring Data repository scanning in 84 ms. Found 2 JPA repository interfaces.
2024-11-08T19:49:25.527+07:00  INFO 19556 --- [RestAPIDemo] [restartedMain] o.s.b.w.embedded.tomcat.TomcatWebServer  : Tomcat initialized with port 9998 (http)
2024-11-08T19:49:25.546+07:00  INFO 19556 --- [RestAPIDemo] [restartedMain] o.apache.catalina.core.StandardService   : Starting service [Tomcat]
2024-11-08T19:49:25.546+07:00  INFO 19556 --- [RestAPIDemo] [restartedMain] o.apache.catalina.core.StandardEngine    : Starting Servlet engine: [Apache Tomcat/10.1.30]
2024-11-08T19:49:25.633+07:00  INFO 19556 --- [RestAPIDemo] [restartedMain] o.a.c.c.C.[Tomcat].[localhost].[/]       : Initializing Spring embedded WebApplicationContext
2024-11-08T19:49:25.634+07:00  INFO 19556 --- [RestAPIDemo] [restartedMain] w.s.c.ServletWebServerApplicationContext : Root WebApplicationContext: initialization completed in 2458 ms
2024-11-08T19:49:26.447+07:00  INFO 19556 --- [RestAPIDemo] [restartedMain] o.s.o.j.p.SpringPersistenceUnitInfo      : No LoadTimeWeaver setup: ignoring JPA class transformer
2024-11-08T19:49:26.531+07:00  INFO 19556 --- [RestAPIDemo] [restartedMain] com.zaxxer.hikari.HikariDataSource       : HikariPool-1 - Starting...
2024-11-08T19:49:26.712+07:00  INFO 19556 --- [RestAPIDemo] [restartedMain] com.zaxxer.hikari.pool.HikariPool        : HikariPool-1 - Added connection org.mariadb.jdbc.Connection@4d98bb86
2024-11-08T19:49:26.714+07:00  INFO 19556 --- [RestAPIDemo] [restartedMain] com.zaxxer.hikari.HikariDataSource       : HikariPool-1 - Start completed.
2024-11-08T19:49:28.011+07:00  INFO 19556 --- [RestAPIDemo] [restartedMain] j.LocalContainerEntityManagerFactoryBean : Initialized JPA EntityManagerFactory for persistence unit 'default'
2024-11-08T19:49:28.377+07:00  INFO 19556 --- [RestAPIDemo] [restartedMain] o.s.d.j.r.query.QueryEnhancerFactory     : Hibernate is in classpath; If applicable, HQL parser will be used.
2024-11-08T19:49:29.180+07:00  WARN 19556 --- [RestAPIDemo] [restartedMain] JpaBaseConfiguration$JpaWebConfiguration : spring.jpa.open-in-view is enabled by default. Therefore, database queries may be performed during view rendering. Explicitly configure spring.jpa.open-in-view to disable this warning
2024-11-08T19:49:29.516+07:00 DEBUG 19556 --- [RestAPIDemo] [restartedMain] s.w.s.m.m.a.RequestMappingHandlerMapping : 6 mappings in 'requestMappingHandlerMapping'
2024-11-08T19:49:29.673+07:00 DEBUG 19556 --- [RestAPIDemo] [restartedMain] o.s.w.s.handler.SimpleUrlHandlerMapping  : Patterns [/webjars/**, /**, /swagger-ui*/*swagger-initializer.js, /swagger-ui*/**, /api/explorer/**] in 'resourceHandlerMapping'
2024-11-08T19:49:29.726+07:00 DEBUG 19556 --- [RestAPIDemo] [restartedMain] s.w.s.m.m.a.RequestMappingHandlerAdapter : ControllerAdvice beans: 0 @ModelAttribute, 0 @InitBinder, 1 RequestBodyAdvice, 1 ResponseBodyAdvice
2024-11-08T19:49:29.767+07:00 DEBUG 19556 --- [RestAPIDemo] [restartedMain] .m.m.a.ExceptionHandlerExceptionResolver : ControllerAdvice beans: 3 @ExceptionHandler, 1 ResponseBodyAdvice
2024-11-08T19:49:29.805+07:00 DEBUG 19556 --- [RestAPIDemo] [restartedMain] .m.m.a.ExceptionHandlerExceptionResolver : ControllerAdvice beans: 3 @ExceptionHandler, 0 ResponseBodyAdvice
2024-11-08T19:49:30.154+07:00  WARN 19556 --- [RestAPIDemo] [restartedMain] o.s.b.d.a.OptionalLiveReloadServer       : Unable to start LiveReload server
2024-11-08T19:49:30.200+07:00  INFO 19556 --- [RestAPIDemo] [restartedMain] o.s.b.w.embedded.tomcat.TomcatWebServer  : Tomcat started on port 9998 (http) with context path '/'
2024-11-08T19:49:30.217+07:00  INFO 19556 --- [RestAPIDemo] [restartedMain] iuh.fit.se.RestApiDemoApplication        : Started RestApiDemoApplication in 7.859 seconds (process running for 8.58)
2024-11-08T19:49:30.223+07:00  INFO 19556 --- [RestAPIDemo] [restartedMain] iuh.fit.se.RestApiDemoApplication        : RestApiDemoApplication Start
2024-11-08T19:49:36.491+07:00  INFO 19556 --- [RestAPIDemo] [http-nio-9998-exec-1] o.a.c.c.C.[Tomcat].[localhost].[/]       : Initializing Spring DispatcherServlet 'dispatcherServlet'
2024-11-08T19:49:36.491+07:00  INFO 19556 --- [RestAPIDemo] [http-nio-9998-exec-1] o.s.web.servlet.DispatcherServlet        : Initializing Servlet 'dispatcherServlet'
2024-11-08T19:49:36.491+07:00 DEBUG 19556 --- [RestAPIDemo] [http-nio-9998-exec-1] o.s.web.servlet.DispatcherServlet        : Detected StandardServletMultipartResolver
2024-11-08T19:49:36.491+07:00 DEBUG 19556 --- [RestAPIDemo] [http-nio-9998-exec-1] o.s.web.servlet.DispatcherServlet        : Detected AcceptHeaderLocaleResolver
2024-11-08T19:49:36.493+07:00 DEBUG 19556 --- [RestAPIDemo] [http-nio-9998-exec-1] o.s.web.servlet.DispatcherServlet        : Detected FixedThemeResolver
2024-11-08T19:49:36.496+07:00 DEBUG 19556 --- [RestAPIDemo] [http-nio-9998-exec-1] o.s.web.servlet.DispatcherServlet        : Detected org.springframework.web.servlet.view.DefaultRequestToViewNameTranslator@3ed2eae
2024-11-08T19:49:36.497+07:00 DEBUG 19556 --- [RestAPIDemo] [http-nio-9998-exec-1] o.s.web.servlet.DispatcherServlet        : Detected org.springframework.web.servlet.support.SessionFlashMapManager@5d415199
2024-11-08T19:49:36.497+07:00 DEBUG 19556 --- [RestAPIDemo] [http-nio-9998-exec-1] o.s.web.servlet.DispatcherServlet        : enableLoggingRequestDetails='false': request parameters and headers will be masked to prevent unsafe logging of potentially sensitive data
2024-11-08T19:49:36.497+07:00  INFO 19556 --- [RestAPIDemo] [http-nio-9998-exec-1] o.s.web.servlet.DispatcherServlet        : Completed initialization in 6 ms
2024-11-08T19:49:36.514+07:00 DEBUG 19556 --- [RestAPIDemo] [http-nio-9998-exec-1] o.s.web.servlet.DispatcherServlet        : GET "/swagger-ui/index.html", parameters={}
2024-11-08T19:49:36.541+07:00 DEBUG 19556 --- [RestAPIDemo] [http-nio-9998-exec-1] o.s.w.s.handler.SimpleUrlHandlerMapping  : Mapped to ResourceHttpRequestHandler [classpath [META-INF/resources/webjars/]]
2024-11-08T19:49:36.602+07:00 DEBUG 19556 --- [RestAPIDemo] [http-nio-9998-exec-1] o.s.web.servlet.DispatcherServlet        : Completed 200 OK
2024-11-08T19:49:36.645+07:00 DEBUG 19556 --- [RestAPIDemo] [http-nio-9998-exec-2] o.s.web.servlet.DispatcherServlet        : GET "/swagger-ui/swagger-ui.css", parameters={}
2024-11-08T19:49:36.651+07:00 DEBUG 19556 --- [RestAPIDemo] [http-nio-9998-exec-2] o.s.w.s.handler.SimpleUrlHandlerMapping  : Mapped to ResourceHttpRequestHandler [classpath [META-INF/resources/webjars/]]
2024-11-08T19:49:36.657+07:00 DEBUG 19556 --- [RestAPIDemo] [http-nio-9998-exec-3] o.s.web.servlet.DispatcherServlet        : GET "/swagger-ui/index.css", parameters={}
2024-11-08T19:49:36.659+07:00 DEBUG 19556 --- [RestAPIDemo] [http-nio-9998-exec-3] o.s.w.s.handler.SimpleUrlHandlerMapping  : Mapped to ResourceHttpRequestHandler [classpath [META-INF/resources/webjars/]]
2024-11-08T19:49:36.660+07:00 DEBUG 19556 --- [RestAPIDemo] [http-nio-9998-exec-6] o.s.web.servlet.DispatcherServlet        : GET "/swagger-ui/swagger-initializer.js", parameters={}
2024-11-08T19:49:36.660+07:00 DEBUG 19556 --- [RestAPIDemo] [http-nio-9998-exec-5] o.s.web.servlet.DispatcherServlet        : GET "/swagger-ui/swagger-ui-standalone-preset.js", parameters={}
2024-11-08T19:49:36.660+07:00 DEBUG 19556 --- [RestAPIDemo] [http-nio-9998-exec-4] o.s.web.servlet.DispatcherServlet        : GET "/swagger-ui/swagger-ui-bundle.js", parameters={}
2024-11-08T19:49:36.662+07:00 DEBUG 19556 --- [RestAPIDemo] [http-nio-9998-exec-5] o.s.w.s.handler.SimpleUrlHandlerMapping  : Mapped to ResourceHttpRequestHandler [classpath [META-INF/resources/webjars/]]
2024-11-08T19:49:36.663+07:00 DEBUG 19556 --- [RestAPIDemo] [http-nio-9998-exec-6] o.s.w.s.handler.SimpleUrlHandlerMapping  : Mapped to ResourceHttpRequestHandler [classpath [META-INF/resources/webjars/]]
2024-11-08T19:49:36.664+07:00 DEBUG 19556 --- [RestAPIDemo] [http-nio-9998-exec-4] o.s.w.s.handler.SimpleUrlHandlerMapping  : Mapped to ResourceHttpRequestHandler [classpath [META-INF/resources/webjars/]]
2024-11-08T19:49:36.665+07:00 DEBUG 19556 --- [RestAPIDemo] [http-nio-9998-exec-2] o.s.web.servlet.DispatcherServlet        : Completed 200 OK
2024-11-08T19:49:36.670+07:00 DEBUG 19556 --- [RestAPIDemo] [http-nio-9998-exec-3] o.s.web.servlet.DispatcherServlet        : Completed 200 OK
2024-11-08T19:49:36.695+07:00 DEBUG 19556 --- [RestAPIDemo] [http-nio-9998-exec-5] o.s.web.servlet.DispatcherServlet        : Completed 200 OK
2024-11-08T19:49:36.714+07:00 DEBUG 19556 --- [RestAPIDemo] [http-nio-9998-exec-4] o.s.web.servlet.DispatcherServlet        : Completed 200 OK
2024-11-08T19:49:36.733+07:00 DEBUG 19556 --- [RestAPIDemo] [http-nio-9998-exec-6] o.s.web.servlet.DispatcherServlet        : Completed 200 OK
2024-11-08T19:49:36.949+07:00 DEBUG 19556 --- [RestAPIDemo] [http-nio-9998-exec-7] o.s.web.servlet.DispatcherServlet        : GET "/v3/api-docs/swagger-config", parameters={}
2024-11-08T19:49:36.951+07:00 DEBUG 19556 --- [RestAPIDemo] [http-nio-9998-exec-8] o.s.web.servlet.DispatcherServlet        : GET "/swagger-ui/favicon-32x32.png", parameters={}
2024-11-08T19:49:36.953+07:00 DEBUG 19556 --- [RestAPIDemo] [http-nio-9998-exec-7] s.w.s.m.m.a.RequestMappingHandlerMapping : Mapped to org.springdoc.webmvc.ui.SwaggerConfigResource#openapiJson(HttpServletRequest)
2024-11-08T19:49:36.954+07:00 DEBUG 19556 --- [RestAPIDemo] [http-nio-9998-exec-8] o.s.w.s.handler.SimpleUrlHandlerMapping  : Mapped to ResourceHttpRequestHandler [classpath [META-INF/resources/webjars/]]
2024-11-08T19:49:36.959+07:00 DEBUG 19556 --- [RestAPIDemo] [http-nio-9998-exec-8] o.s.web.servlet.DispatcherServlet        : Completed 200 OK
2024-11-08T19:49:36.985+07:00 DEBUG 19556 --- [RestAPIDemo] [http-nio-9998-exec-7] m.m.a.RequestResponseBodyMethodProcessor : Using 'application/json', given [*/*] and supported [application/json]
2024-11-08T19:49:36.988+07:00 DEBUG 19556 --- [RestAPIDemo] [http-nio-9998-exec-7] m.m.a.RequestResponseBodyMethodProcessor : Writing [{configUrl=/v3/api-docs/swagger-config, oauth2RedirectUrl=http://localhost:9998/swagger-ui/oauth2-re (truncated)...]
2024-11-08T19:49:37.000+07:00 DEBUG 19556 --- [RestAPIDemo] [http-nio-9998-exec-7] o.s.web.servlet.DispatcherServlet        : Completed 200 OK
2024-11-08T19:49:37.014+07:00 DEBUG 19556 --- [RestAPIDemo] [http-nio-9998-exec-9] o.s.web.servlet.DispatcherServlet        : GET "/v3/api-docs", parameters={}
2024-11-08T19:49:37.015+07:00 DEBUG 19556 --- [RestAPIDemo] [http-nio-9998-exec-9] s.w.s.m.m.a.RequestMappingHandlerMapping : Mapped to org.springdoc.webmvc.api.OpenApiWebMvcResource#openapiJson(HttpServletRequest, String, Locale)
2024-11-08T19:49:37.891+07:00  INFO 19556 --- [RestAPIDemo] [http-nio-9998-exec-9] o.springdoc.api.AbstractOpenApiResource  : Init duration for springdoc-openapi is: 854 ms
2024-11-08T19:49:37.917+07:00 DEBUG 19556 --- [RestAPIDemo] [http-nio-9998-exec-9] m.m.a.RequestResponseBodyMethodProcessor : Using 'application/json', given [application/json, */*] and supported [application/json]
2024-11-08T19:49:37.920+07:00 DEBUG 19556 --- [RestAPIDemo] [http-nio-9998-exec-9] m.m.a.RequestResponseBodyMethodProcessor : Writing [{123, 34, 111, 112, 101, 110, 97, 112, 105, 34, 58, 34, 51, 46, 48, 46, 49, 34, 44, 34, 105, 110, 10 (truncated)...]
2024-11-08T19:49:37.922+07:00 DEBUG 19556 --- [RestAPIDemo] [http-nio-9998-exec-9] o.s.web.servlet.DispatcherServlet        : Completed 200 OK
2024-11-08T19:51:15.556+07:00 DEBUG 19556 --- [RestAPIDemo] [http-nio-9998-exec-4] o.s.web.servlet.DispatcherServlet        : GET "/api/employees", parameters={}
2024-11-08T19:51:15.749+07:00  WARN 19556 --- [RestAPIDemo] [http-nio-9998-exec-4] o.m.jdbc.message.server.ErrorPacket      : Error: 1146-42S02: Table 'employees.employee' doesn't exist
2024-11-08T19:51:15.751+07:00 ERROR 19556 --- [RestAPIDemo] [http-nio-9998-exec-4] o.h.engine.jdbc.spi.SqlExceptionHelper   : (conn=7) Table 'employees.employee' doesn't exist
2024-11-08T19:51:15.770+07:00 DEBUG 19556 --- [RestAPIDemo] [http-nio-9998-exec-4] .m.m.a.ExceptionHandlerExceptionResolver : Using @ExceptionHandler iuh.fit.se.exceptions.GlobalExceptionHandler#globleExcpetionHandler(Exception)
2024-11-08T19:51:15.774+07:00 DEBUG 19556 --- [RestAPIDemo] [http-nio-9998-exec-4] o.s.w.s.m.m.a.HttpEntityMethodProcessor  : Using 'application/json', given [application/json] and supported [application/json, application/*+json]
2024-11-08T19:51:15.774+07:00 DEBUG 19556 --- [RestAPIDemo] [http-nio-9998-exec-4] o.s.w.s.m.m.a.HttpEntityMethodProcessor  : Writing [{status=500, message=JDBC exception executing SQL [select e1_0.id,e1_0.address_id,e1_0.created_date, (truncated)...]
2024-11-08T19:51:15.776+07:00  WARN 19556 --- [RestAPIDemo] [http-nio-9998-exec-4] .m.m.a.ExceptionHandlerExceptionResolver : Resolved [org.springframework.dao.InvalidDataAccessResourceUsageException: JDBC exception executing SQL [select e1_0.id,e1_0.address_id,e1_0.created_date,e1_0.dob,e1_0.email,e1_0.first_name,e1_0.gender,e1_0.last_name,e1_0.modified_date,e1_0.phone_number from employee e1_0] [(conn=7) Table 'employees.employee' doesn't exist] [n/a]; SQL [n/a]]
2024-11-08T19:51:15.777+07:00 DEBUG 19556 --- [RestAPIDemo] [http-nio-9998-exec-4] o.s.web.servlet.DispatcherServlet        : Completed 500 INTERNAL_SERVER_ERROR
2024-11-08T19:52:24.716+07:00 DEBUG 19556 --- [RestAPIDemo] [http-nio-9998-exec-6] o.s.web.servlet.DispatcherServlet        : POST "/api/employees", parameters={}
2024-11-08T19:52:24.742+07:00 DEBUG 19556 --- [RestAPIDemo] [http-nio-9998-exec-6] m.m.a.RequestResponseBodyMethodProcessor : Read "application/json;charset=UTF-8" to [iuh.fit.se.dtos.EmployeeDTO@518cf30e]
2024-11-08T19:52:24.831+07:00 DEBUG 19556 --- [RestAPIDemo] [http-nio-9998-exec-6] o.s.w.s.m.m.a.HttpEntityMethodProcessor  : Using 'application/json', given [application/json] and supported [application/hal+json, application/json]
2024-11-08T19:52:24.832+07:00 DEBUG 19556 --- [RestAPIDemo] [http-nio-9998-exec-6] o.s.w.s.m.m.a.HttpEntityMethodProcessor  : Writing [{status=400, errors={phoneNumber=Please input phone number with format: (NNN)NNN-NNNN}}]
2024-11-08T19:52:24.835+07:00 DEBUG 19556 --- [RestAPIDemo] [http-nio-9998-exec-6] o.s.web.servlet.DispatcherServlet        : Completed 400 BAD_REQUEST
2024-11-08T19:52:41.832+07:00 DEBUG 19556 --- [RestAPIDemo] [http-nio-9998-exec-8] o.s.web.servlet.DispatcherServlet        : POST "/api/employees", parameters={}
2024-11-08T19:52:41.835+07:00 DEBUG 19556 --- [RestAPIDemo] [http-nio-9998-exec-8] m.m.a.RequestResponseBodyMethodProcessor : Read "application/json;charset=UTF-8" to [iuh.fit.se.dtos.EmployeeDTO@bdf6dd2]
2024-11-08T19:52:41.838+07:00 DEBUG 19556 --- [RestAPIDemo] [http-nio-9998-exec-8] o.s.w.s.m.m.a.HttpEntityMethodProcessor  : Using 'application/json', given [application/json] and supported [application/hal+json, application/json]
2024-11-08T19:52:41.838+07:00 DEBUG 19556 --- [RestAPIDemo] [http-nio-9998-exec-8] o.s.w.s.m.m.a.HttpEntityMethodProcessor  : Writing [{status=400, errors={phoneNumber=Please input phone number with format: (NNN)NNN-NNNN}}]
2024-11-08T19:52:41.839+07:00 DEBUG 19556 --- [RestAPIDemo] [http-nio-9998-exec-8] o.s.web.servlet.DispatcherServlet        : Completed 400 BAD_REQUEST
2024-11-08T19:52:44.864+07:00 DEBUG 19556 --- [RestAPIDemo] [http-nio-9998-exec-7] o.s.web.servlet.DispatcherServlet        : POST "/api/employees", parameters={}
2024-11-08T19:52:44.879+07:00 DEBUG 19556 --- [RestAPIDemo] [http-nio-9998-exec-7] m.m.a.RequestResponseBodyMethodProcessor : Read "application/json;charset=UTF-8" to [iuh.fit.se.dtos.EmployeeDTO@6fac21b0]
2024-11-08T19:52:44.881+07:00 DEBUG 19556 --- [RestAPIDemo] [http-nio-9998-exec-7] o.s.w.s.m.m.a.HttpEntityMethodProcessor  : Using 'application/json', given [application/json] and supported [application/hal+json, application/json]
2024-11-08T19:52:44.881+07:00 DEBUG 19556 --- [RestAPIDemo] [http-nio-9998-exec-7] o.s.w.s.m.m.a.HttpEntityMethodProcessor  : Writing [{status=400, errors={phoneNumber=Please input phone number with format: (NNN)NNN-NNNN}}]
2024-11-08T19:52:44.883+07:00 DEBUG 19556 --- [RestAPIDemo] [http-nio-9998-exec-7] o.s.web.servlet.DispatcherServlet        : Completed 400 BAD_REQUEST
2024-11-08T19:53:00.857+07:00 DEBUG 19556 --- [RestAPIDemo] [http-nio-9998-exec-9] o.s.web.servlet.DispatcherServlet        : POST "/api/employees", parameters={}
2024-11-08T19:53:00.862+07:00 DEBUG 19556 --- [RestAPIDemo] [http-nio-9998-exec-9] m.m.a.RequestResponseBodyMethodProcessor : Read "application/json;charset=UTF-8" to [iuh.fit.se.dtos.EmployeeDTO@7047d7e0]
2024-11-08T19:53:00.944+07:00  WARN 19556 --- [RestAPIDemo] [http-nio-9998-exec-9] o.m.jdbc.message.server.ErrorPacket      : Error: 1146-42S02: Table 'employees.employee' doesn't exist
2024-11-08T19:53:00.945+07:00 ERROR 19556 --- [RestAPIDemo] [http-nio-9998-exec-9] o.h.engine.jdbc.spi.SqlExceptionHelper   : (conn=7) Table 'employees.employee' doesn't exist
2024-11-08T19:53:00.947+07:00 DEBUG 19556 --- [RestAPIDemo] [http-nio-9998-exec-9] .m.m.a.ExceptionHandlerExceptionResolver : Using @ExceptionHandler iuh.fit.se.exceptions.GlobalExceptionHandler#globleExcpetionHandler(Exception)
2024-11-08T19:53:00.948+07:00 DEBUG 19556 --- [RestAPIDemo] [http-nio-9998-exec-9] o.s.w.s.m.m.a.HttpEntityMethodProcessor  : Using 'application/json', given [application/json] and supported [application/json, application/*+json]
2024-11-08T19:53:00.948+07:00 DEBUG 19556 --- [RestAPIDemo] [http-nio-9998-exec-9] o.s.w.s.m.m.a.HttpEntityMethodProcessor  : Writing [{status=500, message=could not execute statement [(conn=7) Table 'employees.employee' doesn't exist] (truncated)...]
2024-11-08T19:53:00.949+07:00  WARN 19556 --- [RestAPIDemo] [http-nio-9998-exec-9] .m.m.a.ExceptionHandlerExceptionResolver : Resolved [org.springframework.dao.InvalidDataAccessResourceUsageException: could not execute statement [(conn=7) Table 'employees.employee' doesn't exist] [insert into employee (address_id,created_date,dob,email,first_name,gender,last_name,modified_date,phone_number) values (?,?,?,?,?,?,?,?,?) returning id]; SQL [insert into employee (address_id,created_date,dob,email,first_name,gender,last_name,modified_date,phone_number) values (?,?,?,?,?,?,?,?,?) returning id]]
2024-11-08T19:53:00.950+07:00 DEBUG 19556 --- [RestAPIDemo] [http-nio-9998-exec-9] o.s.web.servlet.DispatcherServlet        : Completed 500 INTERNAL_SERVER_ERROR
2024-11-08T19:53:00.965+07:00 DEBUG 19556 --- [RestAPIDemo] [http-nio-9998-exec-10] o.s.web.servlet.DispatcherServlet        : GET "/api/employees", parameters={}
2024-11-08T19:53:00.973+07:00  WARN 19556 --- [RestAPIDemo] [http-nio-9998-exec-10] o.m.jdbc.message.server.ErrorPacket      : Error: 1146-42S02: Table 'employees.employee' doesn't exist
2024-11-08T19:53:00.974+07:00 ERROR 19556 --- [RestAPIDemo] [http-nio-9998-exec-10] o.h.engine.jdbc.spi.SqlExceptionHelper   : (conn=7) Table 'employees.employee' doesn't exist
2024-11-08T19:53:00.975+07:00 DEBUG 19556 --- [RestAPIDemo] [http-nio-9998-exec-10] .m.m.a.ExceptionHandlerExceptionResolver : Using @ExceptionHandler iuh.fit.se.exceptions.GlobalExceptionHandler#globleExcpetionHandler(Exception)
2024-11-08T19:53:00.975+07:00 DEBUG 19556 --- [RestAPIDemo] [http-nio-9998-exec-10] o.s.w.s.m.m.a.HttpEntityMethodProcessor  : Using 'application/json', given [application/json] and supported [application/json, application/*+json]
2024-11-08T19:53:00.976+07:00 DEBUG 19556 --- [RestAPIDemo] [http-nio-9998-exec-10] o.s.w.s.m.m.a.HttpEntityMethodProcessor  : Writing [{status=500, message=JDBC exception executing SQL [select e1_0.id,e1_0.address_id,e1_0.created_date, (truncated)...]
2024-11-08T19:53:00.977+07:00  WARN 19556 --- [RestAPIDemo] [http-nio-9998-exec-10] .m.m.a.ExceptionHandlerExceptionResolver : Resolved [org.springframework.dao.InvalidDataAccessResourceUsageException: JDBC exception executing SQL [select e1_0.id,e1_0.address_id,e1_0.created_date,e1_0.dob,e1_0.email,e1_0.first_name,e1_0.gender,e1_0.last_name,e1_0.modified_date,e1_0.phone_number from employee e1_0] [(conn=7) Table 'employees.employee' doesn't exist] [n/a]; SQL [n/a]]
2024-11-08T19:53:00.978+07:00 DEBUG 19556 --- [RestAPIDemo] [http-nio-9998-exec-10] o.s.web.servlet.DispatcherServlet        : Completed 500 INTERNAL_SERVER_ERROR
2024-11-08T19:53:05.219+07:00 DEBUG 19556 --- [RestAPIDemo] [http-nio-9998-exec-2] o.s.web.servlet.DispatcherServlet        : GET "/api/employees", parameters={}
2024-11-08T19:53:05.227+07:00  WARN 19556 --- [RestAPIDemo] [http-nio-9998-exec-2] o.m.jdbc.message.server.ErrorPacket      : Error: 1146-42S02: Table 'employees.employee' doesn't exist
2024-11-08T19:53:05.257+07:00 ERROR 19556 --- [RestAPIDemo] [http-nio-9998-exec-2] o.h.engine.jdbc.spi.SqlExceptionHelper   : (conn=7) Table 'employees.employee' doesn't exist
2024-11-08T19:53:05.259+07:00 DEBUG 19556 --- [RestAPIDemo] [http-nio-9998-exec-2] .m.m.a.ExceptionHandlerExceptionResolver : Using @ExceptionHandler iuh.fit.se.exceptions.GlobalExceptionHandler#globleExcpetionHandler(Exception)
2024-11-08T19:53:05.259+07:00 DEBUG 19556 --- [RestAPIDemo] [http-nio-9998-exec-2] o.s.w.s.m.m.a.HttpEntityMethodProcessor  : Using 'application/json', given [application/json] and supported [application/json, application/*+json]
2024-11-08T19:53:05.259+07:00 DEBUG 19556 --- [RestAPIDemo] [http-nio-9998-exec-2] o.s.w.s.m.m.a.HttpEntityMethodProcessor  : Writing [{status=500, message=JDBC exception executing SQL [select e1_0.id,e1_0.address_id,e1_0.created_date, (truncated)...]
2024-11-08T19:53:05.261+07:00  WARN 19556 --- [RestAPIDemo] [http-nio-9998-exec-2] .m.m.a.ExceptionHandlerExceptionResolver : Resolved [org.springframework.dao.InvalidDataAccessResourceUsageException: JDBC exception executing SQL [select e1_0.id,e1_0.address_id,e1_0.created_date,e1_0.dob,e1_0.email,e1_0.first_name,e1_0.gender,e1_0.last_name,e1_0.modified_date,e1_0.phone_number from employee e1_0] [(conn=7) Table 'employees.employee' doesn't exist] [n/a]; SQL [n/a]]
2024-11-08T19:53:05.262+07:00 DEBUG 19556 --- [RestAPIDemo] [http-nio-9998-exec-2] o.s.web.servlet.DispatcherServlet        : Completed 500 INTERNAL_SERVER_ERROR
2024-11-08T19:53:07.230+07:00 DEBUG 19556 --- [RestAPIDemo] [http-nio-9998-exec-1] o.s.web.servlet.DispatcherServlet        : GET "/api/employees", parameters={}
2024-11-08T19:53:07.241+07:00  WARN 19556 --- [RestAPIDemo] [http-nio-9998-exec-1] o.m.jdbc.message.server.ErrorPacket      : Error: 1146-42S02: Table 'employees.employee' doesn't exist
2024-11-08T19:53:07.242+07:00 ERROR 19556 --- [RestAPIDemo] [http-nio-9998-exec-1] o.h.engine.jdbc.spi.SqlExceptionHelper   : (conn=7) Table 'employees.employee' doesn't exist
2024-11-08T19:53:07.243+07:00 DEBUG 19556 --- [RestAPIDemo] [http-nio-9998-exec-1] .m.m.a.ExceptionHandlerExceptionResolver : Using @ExceptionHandler iuh.fit.se.exceptions.GlobalExceptionHandler#globleExcpetionHandler(Exception)
2024-11-08T19:53:07.244+07:00 DEBUG 19556 --- [RestAPIDemo] [http-nio-9998-exec-1] o.s.w.s.m.m.a.HttpEntityMethodProcessor  : Using 'application/json', given [application/json] and supported [application/json, application/*+json]
2024-11-08T19:53:07.244+07:00 DEBUG 19556 --- [RestAPIDemo] [http-nio-9998-exec-1] o.s.w.s.m.m.a.HttpEntityMethodProcessor  : Writing [{status=500, message=JDBC exception executing SQL [select e1_0.id,e1_0.address_id,e1_0.created_date, (truncated)...]
2024-11-08T19:53:07.245+07:00  WARN 19556 --- [RestAPIDemo] [http-nio-9998-exec-1] .m.m.a.ExceptionHandlerExceptionResolver : Resolved [org.springframework.dao.InvalidDataAccessResourceUsageException: JDBC exception executing SQL [select e1_0.id,e1_0.address_id,e1_0.created_date,e1_0.dob,e1_0.email,e1_0.first_name,e1_0.gender,e1_0.last_name,e1_0.modified_date,e1_0.phone_number from employee e1_0] [(conn=7) Table 'employees.employee' doesn't exist] [n/a]; SQL [n/a]]
2024-11-08T19:53:07.246+07:00 DEBUG 19556 --- [RestAPIDemo] [http-nio-9998-exec-1] o.s.web.servlet.DispatcherServlet        : Completed 500 INTERNAL_SERVER_ERROR
2024-11-08T19:53:59.100+07:00 DEBUG 19556 --- [RestAPIDemo] [http-nio-9998-exec-3] o.s.web.servlet.DispatcherServlet        : POST "/api/employees", parameters={}
2024-11-08T19:53:59.106+07:00 DEBUG 19556 --- [RestAPIDemo] [http-nio-9998-exec-3] m.m.a.RequestResponseBodyMethodProcessor : Read "application/json;charset=UTF-8" to [iuh.fit.se.dtos.EmployeeDTO@615e8a48]
2024-11-08T19:53:59.112+07:00  WARN 19556 --- [RestAPIDemo] [http-nio-9998-exec-3] o.m.jdbc.message.server.ErrorPacket      : Error: 1146-42S02: Table 'employees.employee' doesn't exist
2024-11-08T19:53:59.113+07:00 ERROR 19556 --- [RestAPIDemo] [http-nio-9998-exec-3] o.h.engine.jdbc.spi.SqlExceptionHelper   : (conn=7) Table 'employees.employee' doesn't exist
2024-11-08T19:53:59.119+07:00 DEBUG 19556 --- [RestAPIDemo] [http-nio-9998-exec-3] .m.m.a.ExceptionHandlerExceptionResolver : Using @ExceptionHandler iuh.fit.se.exceptions.GlobalExceptionHandler#globleExcpetionHandler(Exception)
2024-11-08T19:53:59.121+07:00 DEBUG 19556 --- [RestAPIDemo] [http-nio-9998-exec-3] o.s.w.s.m.m.a.HttpEntityMethodProcessor  : Using 'application/json', given [application/json] and supported [application/json, application/*+json]
2024-11-08T19:53:59.122+07:00 DEBUG 19556 --- [RestAPIDemo] [http-nio-9998-exec-3] o.s.w.s.m.m.a.HttpEntityMethodProcessor  : Writing [{status=500, message=could not execute statement [(conn=7) Table 'employees.employee' doesn't exist] (truncated)...]
2024-11-08T19:53:59.124+07:00  WARN 19556 --- [RestAPIDemo] [http-nio-9998-exec-3] .m.m.a.ExceptionHandlerExceptionResolver : Resolved [org.springframework.dao.InvalidDataAccessResourceUsageException: could not execute statement [(conn=7) Table 'employees.employee' doesn't exist] [insert into employee (address_id,created_date,dob,email,first_name,gender,last_name,modified_date,phone_number) values (?,?,?,?,?,?,?,?,?) returning id]; SQL [insert into employee (address_id,created_date,dob,email,first_name,gender,last_name,modified_date,phone_number) values (?,?,?,?,?,?,?,?,?) returning id]]
2024-11-08T19:53:59.124+07:00 DEBUG 19556 --- [RestAPIDemo] [http-nio-9998-exec-3] o.s.web.servlet.DispatcherServlet        : Completed 500 INTERNAL_SERVER_ERROR
2024-11-08T19:53:59.152+07:00 DEBUG 19556 --- [RestAPIDemo] [http-nio-9998-exec-5] o.s.web.servlet.DispatcherServlet        : GET "/api/employees", parameters={}
2024-11-08T19:53:59.162+07:00  WARN 19556 --- [RestAPIDemo] [http-nio-9998-exec-5] o.m.jdbc.message.server.ErrorPacket      : Error: 1146-42S02: Table 'employees.employee' doesn't exist
2024-11-08T19:53:59.162+07:00 ERROR 19556 --- [RestAPIDemo] [http-nio-9998-exec-5] o.h.engine.jdbc.spi.SqlExceptionHelper   : (conn=7) Table 'employees.employee' doesn't exist
2024-11-08T19:53:59.164+07:00 DEBUG 19556 --- [RestAPIDemo] [http-nio-9998-exec-5] .m.m.a.ExceptionHandlerExceptionResolver : Using @ExceptionHandler iuh.fit.se.exceptions.GlobalExceptionHandler#globleExcpetionHandler(Exception)
2024-11-08T19:53:59.164+07:00 DEBUG 19556 --- [RestAPIDemo] [http-nio-9998-exec-5] o.s.w.s.m.m.a.HttpEntityMethodProcessor  : Using 'application/json', given [application/json] and supported [application/json, application/*+json]
2024-11-08T19:53:59.164+07:00 DEBUG 19556 --- [RestAPIDemo] [http-nio-9998-exec-5] o.s.w.s.m.m.a.HttpEntityMethodProcessor  : Writing [{status=500, message=JDBC exception executing SQL [select e1_0.id,e1_0.address_id,e1_0.created_date, (truncated)...]
2024-11-08T19:53:59.167+07:00  WARN 19556 --- [RestAPIDemo] [http-nio-9998-exec-5] .m.m.a.ExceptionHandlerExceptionResolver : Resolved [org.springframework.dao.InvalidDataAccessResourceUsageException: JDBC exception executing SQL [select e1_0.id,e1_0.address_id,e1_0.created_date,e1_0.dob,e1_0.email,e1_0.first_name,e1_0.gender,e1_0.last_name,e1_0.modified_date,e1_0.phone_number from employee e1_0] [(conn=7) Table 'employees.employee' doesn't exist] [n/a]; SQL [n/a]]
2024-11-08T19:53:59.167+07:00 DEBUG 19556 --- [RestAPIDemo] [http-nio-9998-exec-5] o.s.web.servlet.DispatcherServlet        : Completed 500 INTERNAL_SERVER_ERROR
2024-11-08T19:55:11.335+07:00 DEBUG 19556 --- [RestAPIDemo] [http-nio-9998-exec-4] o.s.web.servlet.DispatcherServlet        : POST "/api/employees", parameters={}
2024-11-08T19:55:11.341+07:00 DEBUG 19556 --- [RestAPIDemo] [http-nio-9998-exec-4] m.m.a.RequestResponseBodyMethodProcessor : Read "application/json;charset=UTF-8" to [iuh.fit.se.dtos.EmployeeDTO@b42e31a]
2024-11-08T19:55:11.346+07:00  WARN 19556 --- [RestAPIDemo] [http-nio-9998-exec-4] o.m.jdbc.message.server.ErrorPacket      : Error: 1146-42S02: Table 'employees.employee' doesn't exist
2024-11-08T19:55:11.347+07:00 ERROR 19556 --- [RestAPIDemo] [http-nio-9998-exec-4] o.h.engine.jdbc.spi.SqlExceptionHelper   : (conn=7) Table 'employees.employee' doesn't exist
2024-11-08T19:55:11.348+07:00 DEBUG 19556 --- [RestAPIDemo] [http-nio-9998-exec-4] .m.m.a.ExceptionHandlerExceptionResolver : Using @ExceptionHandler iuh.fit.se.exceptions.GlobalExceptionHandler#globleExcpetionHandler(Exception)
2024-11-08T19:55:11.349+07:00 DEBUG 19556 --- [RestAPIDemo] [http-nio-9998-exec-4] o.s.w.s.m.m.a.HttpEntityMethodProcessor  : Using 'application/json', given [application/json] and supported [application/json, application/*+json]
2024-11-08T19:55:11.349+07:00 DEBUG 19556 --- [RestAPIDemo] [http-nio-9998-exec-4] o.s.w.s.m.m.a.HttpEntityMethodProcessor  : Writing [{status=500, message=could not execute statement [(conn=7) Table 'employees.employee' doesn't exist] (truncated)...]
2024-11-08T19:55:11.351+07:00  WARN 19556 --- [RestAPIDemo] [http-nio-9998-exec-4] .m.m.a.ExceptionHandlerExceptionResolver : Resolved [org.springframework.dao.InvalidDataAccessResourceUsageException: could not execute statement [(conn=7) Table 'employees.employee' doesn't exist] [insert into employee (address_id,created_date,dob,email,first_name,gender,last_name,modified_date,phone_number) values (?,?,?,?,?,?,?,?,?) returning id]; SQL [insert into employee (address_id,created_date,dob,email,first_name,gender,last_name,modified_date,phone_number) values (?,?,?,?,?,?,?,?,?) returning id]]
2024-11-08T19:55:11.352+07:00 DEBUG 19556 --- [RestAPIDemo] [http-nio-9998-exec-4] o.s.web.servlet.DispatcherServlet        : Completed 500 INTERNAL_SERVER_ERROR
2024-11-08T19:55:11.368+07:00 DEBUG 19556 --- [RestAPIDemo] [http-nio-9998-exec-6] o.s.web.servlet.DispatcherServlet        : GET "/api/employees", parameters={}
2024-11-08T19:55:11.376+07:00  WARN 19556 --- [RestAPIDemo] [http-nio-9998-exec-6] o.m.jdbc.message.server.ErrorPacket      : Error: 1146-42S02: Table 'employees.employee' doesn't exist
2024-11-08T19:55:11.377+07:00 ERROR 19556 --- [RestAPIDemo] [http-nio-9998-exec-6] o.h.engine.jdbc.spi.SqlExceptionHelper   : (conn=7) Table 'employees.employee' doesn't exist
2024-11-08T19:55:11.379+07:00 DEBUG 19556 --- [RestAPIDemo] [http-nio-9998-exec-6] .m.m.a.ExceptionHandlerExceptionResolver : Using @ExceptionHandler iuh.fit.se.exceptions.GlobalExceptionHandler#globleExcpetionHandler(Exception)
2024-11-08T19:55:11.379+07:00 DEBUG 19556 --- [RestAPIDemo] [http-nio-9998-exec-6] o.s.w.s.m.m.a.HttpEntityMethodProcessor  : Using 'application/json', given [application/json] and supported [application/json, application/*+json]
2024-11-08T19:55:11.380+07:00 DEBUG 19556 --- [RestAPIDemo] [http-nio-9998-exec-6] o.s.w.s.m.m.a.HttpEntityMethodProcessor  : Writing [{status=500, message=JDBC exception executing SQL [select e1_0.id,e1_0.address_id,e1_0.created_date, (truncated)...]
2024-11-08T19:55:11.381+07:00  WARN 19556 --- [RestAPIDemo] [http-nio-9998-exec-6] .m.m.a.ExceptionHandlerExceptionResolver : Resolved [org.springframework.dao.InvalidDataAccessResourceUsageException: JDBC exception executing SQL [select e1_0.id,e1_0.address_id,e1_0.created_date,e1_0.dob,e1_0.email,e1_0.first_name,e1_0.gender,e1_0.last_name,e1_0.modified_date,e1_0.phone_number from employee e1_0] [(conn=7) Table 'employees.employee' doesn't exist] [n/a]; SQL [n/a]]
2024-11-08T19:55:11.381+07:00 DEBUG 19556 --- [RestAPIDemo] [http-nio-9998-exec-6] o.s.web.servlet.DispatcherServlet        : Completed 500 INTERNAL_SERVER_ERROR
2024-11-08T19:56:01.051+07:00  INFO 19556 --- [RestAPIDemo] [File Watcher] rtingClassPathChangeChangedEventListener : Restarting due to 1 class path change (0 additions, 0 deletions, 1 modification)
2024-11-08T19:56:01.274+07:00  INFO 19556 --- [RestAPIDemo] [Thread-1] j.LocalContainerEntityManagerFactoryBean : Closing JPA EntityManagerFactory for persistence unit 'default'
2024-11-08T19:56:01.279+07:00  INFO 19556 --- [RestAPIDemo] [Thread-1] com.zaxxer.hikari.HikariDataSource       : HikariPool-1 - Shutdown initiated...
2024-11-08T19:56:01.323+07:00  INFO 19556 --- [RestAPIDemo] [Thread-1] com.zaxxer.hikari.HikariDataSource       : HikariPool-1 - Shutdown completed.
2024-11-08T19:56:01.469+07:00  INFO 19556 --- [RestAPIDemo] [restartedMain] iuh.fit.se.RestApiDemoApplication        : Starting RestApiDemoApplication using Java 17.0.11 with PID 19556 (D:\WWW\RestAPIDemoHasDTO\target\classes started by ThanhDinh in D:\WWW\RestAPIDemoHasDTO)
2024-11-08T19:56:01.469+07:00  INFO 19556 --- [RestAPIDemo] [restartedMain] iuh.fit.se.RestApiDemoApplication        : No active profile set, falling back to 1 default profile: "default"
2024-11-08T19:56:01.779+07:00  INFO 19556 --- [RestAPIDemo] [restartedMain] .s.d.r.c.RepositoryConfigurationDelegate : Bootstrapping Spring Data JPA repositories in DEFAULT mode.
2024-11-08T19:56:01.810+07:00  INFO 19556 --- [RestAPIDemo] [restartedMain] .s.d.r.c.RepositoryConfigurationDelegate : Finished Spring Data repository scanning in 29 ms. Found 2 JPA repository interfaces.
2024-11-08T19:56:01.994+07:00  INFO 19556 --- [RestAPIDemo] [restartedMain] o.s.b.w.embedded.tomcat.TomcatWebServer  : Tomcat initialized with port 9998 (http)
2024-11-08T19:56:01.995+07:00  INFO 19556 --- [RestAPIDemo] [restartedMain] o.apache.catalina.core.StandardService   : Starting service [Tomcat]
2024-11-08T19:56:01.996+07:00  INFO 19556 --- [RestAPIDemo] [restartedMain] o.apache.catalina.core.StandardEngine    : Starting Servlet engine: [Apache Tomcat/10.1.30]
2024-11-08T19:56:02.043+07:00  INFO 19556 --- [RestAPIDemo] [restartedMain] o.a.c.c.C.[Tomcat].[localhost].[/]       : Initializing Spring embedded WebApplicationContext
2024-11-08T19:56:02.044+07:00  INFO 19556 --- [RestAPIDemo] [restartedMain] w.s.c.ServletWebServerApplicationContext : Root WebApplicationContext: initialization completed in 572 ms
2024-11-08T19:56:02.113+07:00  INFO 19556 --- [RestAPIDemo] [restartedMain] o.s.o.j.p.SpringPersistenceUnitInfo      : No LoadTimeWeaver setup: ignoring JPA class transformer
2024-11-08T19:56:02.115+07:00  INFO 19556 --- [RestAPIDemo] [restartedMain] com.zaxxer.hikari.HikariDataSource       : HikariPool-2 - Starting...
2024-11-08T19:56:02.123+07:00  INFO 19556 --- [RestAPIDemo] [restartedMain] com.zaxxer.hikari.pool.HikariPool        : HikariPool-2 - Added connection org.mariadb.jdbc.Connection@6ad0b204
2024-11-08T19:56:02.124+07:00  INFO 19556 --- [RestAPIDemo] [restartedMain] com.zaxxer.hikari.HikariDataSource       : HikariPool-2 - Start completed.
2024-11-08T19:56:02.399+07:00  INFO 19556 --- [RestAPIDemo] [restartedMain] j.LocalContainerEntityManagerFactoryBean : Initialized JPA EntityManagerFactory for persistence unit 'default'
2024-11-08T19:56:02.519+07:00  WARN 19556 --- [RestAPIDemo] [restartedMain] JpaBaseConfiguration$JpaWebConfiguration : spring.jpa.open-in-view is enabled by default. Therefore, database queries may be performed during view rendering. Explicitly configure spring.jpa.open-in-view to disable this warning
2024-11-08T19:56:02.589+07:00 DEBUG 19556 --- [RestAPIDemo] [restartedMain] s.w.s.m.m.a.RequestMappingHandlerMapping : 6 mappings in 'requestMappingHandlerMapping'
2024-11-08T19:56:02.618+07:00 DEBUG 19556 --- [RestAPIDemo] [restartedMain] o.s.w.s.handler.SimpleUrlHandlerMapping  : Patterns [/webjars/**, /**, /swagger-ui*/*swagger-initializer.js, /swagger-ui*/**, /api/explorer/**] in 'resourceHandlerMapping'
2024-11-08T19:56:02.628+07:00 DEBUG 19556 --- [RestAPIDemo] [restartedMain] s.w.s.m.m.a.RequestMappingHandlerAdapter : ControllerAdvice beans: 0 @ModelAttribute, 0 @InitBinder, 1 RequestBodyAdvice, 1 ResponseBodyAdvice
2024-11-08T19:56:02.633+07:00 DEBUG 19556 --- [RestAPIDemo] [restartedMain] .m.m.a.ExceptionHandlerExceptionResolver : ControllerAdvice beans: 3 @ExceptionHandler, 1 ResponseBodyAdvice
2024-11-08T19:56:02.645+07:00 DEBUG 19556 --- [RestAPIDemo] [restartedMain] .m.m.a.ExceptionHandlerExceptionResolver : ControllerAdvice beans: 3 @ExceptionHandler, 0 ResponseBodyAdvice
2024-11-08T19:56:02.744+07:00  WARN 19556 --- [RestAPIDemo] [restartedMain] o.s.b.d.a.OptionalLiveReloadServer       : Unable to start LiveReload server
2024-11-08T19:56:02.757+07:00  INFO 19556 --- [RestAPIDemo] [restartedMain] o.s.b.w.embedded.tomcat.TomcatWebServer  : Tomcat started on port 9998 (http) with context path '/'
2024-11-08T19:56:02.762+07:00  INFO 19556 --- [RestAPIDemo] [restartedMain] iuh.fit.se.RestApiDemoApplication        : Started RestApiDemoApplication in 1.349 seconds (process running for 401.124)
2024-11-08T19:56:02.764+07:00  INFO 19556 --- [RestAPIDemo] [restartedMain] .ConditionEvaluationDeltaLoggingListener : Condition evaluation unchanged
2024-11-08T19:56:02.765+07:00  INFO 19556 --- [RestAPIDemo] [restartedMain] iuh.fit.se.RestApiDemoApplication        : RestApiDemoApplication Start
2024-11-08T19:57:31.330+07:00  INFO 19556 --- [RestAPIDemo] [http-nio-9998-exec-1] o.a.c.c.C.[Tomcat].[localhost].[/]       : Initializing Spring DispatcherServlet 'dispatcherServlet'
2024-11-08T19:57:31.330+07:00  INFO 19556 --- [RestAPIDemo] [http-nio-9998-exec-1] o.s.web.servlet.DispatcherServlet        : Initializing Servlet 'dispatcherServlet'
2024-11-08T19:57:31.330+07:00 DEBUG 19556 --- [RestAPIDemo] [http-nio-9998-exec-1] o.s.web.servlet.DispatcherServlet        : Detected StandardServletMultipartResolver
2024-11-08T19:57:31.330+07:00 DEBUG 19556 --- [RestAPIDemo] [http-nio-9998-exec-1] o.s.web.servlet.DispatcherServlet        : Detected AcceptHeaderLocaleResolver
2024-11-08T19:57:31.330+07:00 DEBUG 19556 --- [RestAPIDemo] [http-nio-9998-exec-1] o.s.web.servlet.DispatcherServlet        : Detected FixedThemeResolver
2024-11-08T19:57:31.333+07:00 DEBUG 19556 --- [RestAPIDemo] [http-nio-9998-exec-1] o.s.web.servlet.DispatcherServlet        : Detected org.springframework.web.servlet.view.DefaultRequestToViewNameTranslator@4251b994
2024-11-08T19:57:31.334+07:00 DEBUG 19556 --- [RestAPIDemo] [http-nio-9998-exec-1] o.s.web.servlet.DispatcherServlet        : Detected org.springframework.web.servlet.support.SessionFlashMapManager@40bca1d3
2024-11-08T19:57:31.334+07:00 DEBUG 19556 --- [RestAPIDemo] [http-nio-9998-exec-1] o.s.web.servlet.DispatcherServlet        : enableLoggingRequestDetails='false': request parameters and headers will be masked to prevent unsafe logging of potentially sensitive data
2024-11-08T19:57:31.334+07:00  INFO 19556 --- [RestAPIDemo] [http-nio-9998-exec-1] o.s.web.servlet.DispatcherServlet        : Completed initialization in 4 ms
2024-11-08T19:57:31.336+07:00 DEBUG 19556 --- [RestAPIDemo] [http-nio-9998-exec-1] o.s.web.servlet.DispatcherServlet        : GET "/api/employees", parameters={}
2024-11-08T19:57:31.461+07:00 DEBUG 19556 --- [RestAPIDemo] [http-nio-9998-exec-1] o.s.w.s.m.m.a.HttpEntityMethodProcessor  : Using 'application/json', given [application/json] and supported [application/hal+json, application/json]
2024-11-08T19:57:31.462+07:00 DEBUG 19556 --- [RestAPIDemo] [http-nio-9998-exec-1] o.s.w.s.m.m.a.HttpEntityMethodProcessor  : Writing [{status=200, data=[]}]
2024-11-08T19:57:31.464+07:00 DEBUG 19556 --- [RestAPIDemo] [http-nio-9998-exec-1] o.s.web.servlet.DispatcherServlet        : Completed 200 OK
2024-11-08T19:57:51.046+07:00 DEBUG 19556 --- [RestAPIDemo] [http-nio-9998-exec-2] o.s.web.servlet.DispatcherServlet        : POST "/api/employees", parameters={}
2024-11-08T19:57:51.070+07:00 DEBUG 19556 --- [RestAPIDemo] [http-nio-9998-exec-2] m.m.a.RequestResponseBodyMethodProcessor : Read "application/json;charset=UTF-8" to [iuh.fit.se.dtos.EmployeeDTO@593c8063]
2024-11-08T19:57:51.143+07:00 DEBUG 19556 --- [RestAPIDemo] [http-nio-9998-exec-2] o.s.w.s.m.m.a.HttpEntityMethodProcessor  : Using 'application/json', given [application/json] and supported [application/hal+json, application/json]
2024-11-08T19:57:51.143+07:00 DEBUG 19556 --- [RestAPIDemo] [http-nio-9998-exec-2] o.s.w.s.m.m.a.HttpEntityMethodProcessor  : Writing [{status=200, data=iuh.fit.se.dtos.EmployeeDTO@5e3a23e}]
2024-11-08T19:57:51.149+07:00 DEBUG 19556 --- [RestAPIDemo] [http-nio-9998-exec-2] o.s.web.servlet.DispatcherServlet        : Completed 200 OK
2024-11-08T19:57:51.169+07:00 DEBUG 19556 --- [RestAPIDemo] [http-nio-9998-exec-3] o.s.web.servlet.DispatcherServlet        : GET "/api/employees", parameters={}
2024-11-08T19:57:51.191+07:00 DEBUG 19556 --- [RestAPIDemo] [http-nio-9998-exec-3] o.s.w.s.m.m.a.HttpEntityMethodProcessor  : Using 'application/json', given [application/json] and supported [application/hal+json, application/json]
2024-11-08T19:57:51.192+07:00 DEBUG 19556 --- [RestAPIDemo] [http-nio-9998-exec-3] o.s.w.s.m.m.a.HttpEntityMethodProcessor  : Writing [{status=200, data=[iuh.fit.se.dtos.EmployeeDTO@74409f45]}]
2024-11-08T19:57:51.196+07:00 DEBUG 19556 --- [RestAPIDemo] [http-nio-9998-exec-3] o.s.web.servlet.DispatcherServlet        : Completed 200 OK
